Archive member included to satisfy reference by file (symbol)

c:/st/stm32cubeide_1.4.0/stm32cubeide/plugins/com.st.stm32cube.ide.mcu.externaltools.gnu-tools-for-stm32.7-2018-q2-update.win32_1.4.0.202007081208/tools/bin/../lib/gcc/arm-none-eabi/7.3.1/../../../../arm-none-eabi/lib/thumb/v7e-m/fpv4-sp/hard\libc_nano.a(lib_a-errno.o)
                              Core/Src/syscalls.o (__errno)
c:/st/stm32cubeide_1.4.0/stm32cubeide/plugins/com.st.stm32cube.ide.mcu.externaltools.gnu-tools-for-stm32.7-2018-q2-update.win32_1.4.0.202007081208/tools/bin/../lib/gcc/arm-none-eabi/7.3.1/../../../../arm-none-eabi/lib/thumb/v7e-m/fpv4-sp/hard\libc_nano.a(lib_a-exit.o)
                              c:/st/stm32cubeide_1.4.0/stm32cubeide/plugins/com.st.stm32cube.ide.mcu.externaltools.gnu-tools-for-stm32.7-2018-q2-update.win32_1.4.0.202007081208/tools/bin/../lib/gcc/arm-none-eabi/7.3.1/../../../../arm-none-eabi/lib/thumb/v7e-m/fpv4-sp/hard/crt0.o (exit)
c:/st/stm32cubeide_1.4.0/stm32cubeide/plugins/com.st.stm32cube.ide.mcu.externaltools.gnu-tools-for-stm32.7-2018-q2-update.win32_1.4.0.202007081208/tools/bin/../lib/gcc/arm-none-eabi/7.3.1/../../../../arm-none-eabi/lib/thumb/v7e-m/fpv4-sp/hard\libc_nano.a(lib_a-impure.o)
                              c:/st/stm32cubeide_1.4.0/stm32cubeide/plugins/com.st.stm32cube.ide.mcu.externaltools.gnu-tools-for-stm32.7-2018-q2-update.win32_1.4.0.202007081208/tools/bin/../lib/gcc/arm-none-eabi/7.3.1/../../../../arm-none-eabi/lib/thumb/v7e-m/fpv4-sp/hard\libc_nano.a(lib_a-exit.o) (_global_impure_ptr)
c:/st/stm32cubeide_1.4.0/stm32cubeide/plugins/com.st.stm32cube.ide.mcu.externaltools.gnu-tools-for-stm32.7-2018-q2-update.win32_1.4.0.202007081208/tools/bin/../lib/gcc/arm-none-eabi/7.3.1/../../../../arm-none-eabi/lib/thumb/v7e-m/fpv4-sp/hard\libc_nano.a(lib_a-init.o)
                              c:/st/stm32cubeide_1.4.0/stm32cubeide/plugins/com.st.stm32cube.ide.mcu.externaltools.gnu-tools-for-stm32.7-2018-q2-update.win32_1.4.0.202007081208/tools/bin/../lib/gcc/arm-none-eabi/7.3.1/../../../../arm-none-eabi/lib/thumb/v7e-m/fpv4-sp/hard/crt0.o (__libc_init_array)
c:/st/stm32cubeide_1.4.0/stm32cubeide/plugins/com.st.stm32cube.ide.mcu.externaltools.gnu-tools-for-stm32.7-2018-q2-update.win32_1.4.0.202007081208/tools/bin/../lib/gcc/arm-none-eabi/7.3.1/../../../../arm-none-eabi/lib/thumb/v7e-m/fpv4-sp/hard\libc_nano.a(lib_a-malloc.o)
                              Middlewares/ST/STM32_USB_Device_Library/Class/CDC/Src/usbd_cdc.o (malloc)
c:/st/stm32cubeide_1.4.0/stm32cubeide/plugins/com.st.stm32cube.ide.mcu.externaltools.gnu-tools-for-stm32.7-2018-q2-update.win32_1.4.0.202007081208/tools/bin/../lib/gcc/arm-none-eabi/7.3.1/../../../../arm-none-eabi/lib/thumb/v7e-m/fpv4-sp/hard\libc_nano.a(lib_a-memset.o)
                              c:/st/stm32cubeide_1.4.0/stm32cubeide/plugins/com.st.stm32cube.ide.mcu.externaltools.gnu-tools-for-stm32.7-2018-q2-update.win32_1.4.0.202007081208/tools/bin/../lib/gcc/arm-none-eabi/7.3.1/../../../../arm-none-eabi/lib/thumb/v7e-m/fpv4-sp/hard/crt0.o (memset)
c:/st/stm32cubeide_1.4.0/stm32cubeide/plugins/com.st.stm32cube.ide.mcu.externaltools.gnu-tools-for-stm32.7-2018-q2-update.win32_1.4.0.202007081208/tools/bin/../lib/gcc/arm-none-eabi/7.3.1/../../../../arm-none-eabi/lib/thumb/v7e-m/fpv4-sp/hard\libc_nano.a(lib_a-nano-freer.o)
                              c:/st/stm32cubeide_1.4.0/stm32cubeide/plugins/com.st.stm32cube.ide.mcu.externaltools.gnu-tools-for-stm32.7-2018-q2-update.win32_1.4.0.202007081208/tools/bin/../lib/gcc/arm-none-eabi/7.3.1/../../../../arm-none-eabi/lib/thumb/v7e-m/fpv4-sp/hard\libc_nano.a(lib_a-malloc.o) (_free_r)
c:/st/stm32cubeide_1.4.0/stm32cubeide/plugins/com.st.stm32cube.ide.mcu.externaltools.gnu-tools-for-stm32.7-2018-q2-update.win32_1.4.0.202007081208/tools/bin/../lib/gcc/arm-none-eabi/7.3.1/../../../../arm-none-eabi/lib/thumb/v7e-m/fpv4-sp/hard\libc_nano.a(lib_a-nano-mallocr.o)
                              c:/st/stm32cubeide_1.4.0/stm32cubeide/plugins/com.st.stm32cube.ide.mcu.externaltools.gnu-tools-for-stm32.7-2018-q2-update.win32_1.4.0.202007081208/tools/bin/../lib/gcc/arm-none-eabi/7.3.1/../../../../arm-none-eabi/lib/thumb/v7e-m/fpv4-sp/hard\libc_nano.a(lib_a-malloc.o) (_malloc_r)
c:/st/stm32cubeide_1.4.0/stm32cubeide/plugins/com.st.stm32cube.ide.mcu.externaltools.gnu-tools-for-stm32.7-2018-q2-update.win32_1.4.0.202007081208/tools/bin/../lib/gcc/arm-none-eabi/7.3.1/../../../../arm-none-eabi/lib/thumb/v7e-m/fpv4-sp/hard\libc_nano.a(lib_a-sbrkr.o)
                              c:/st/stm32cubeide_1.4.0/stm32cubeide/plugins/com.st.stm32cube.ide.mcu.externaltools.gnu-tools-for-stm32.7-2018-q2-update.win32_1.4.0.202007081208/tools/bin/../lib/gcc/arm-none-eabi/7.3.1/../../../../arm-none-eabi/lib/thumb/v7e-m/fpv4-sp/hard\libc_nano.a(lib_a-nano-mallocr.o) (_sbrk_r)
[...]
Memory Configuration

Name             Origin             Length             Attributes
RAM              0x0000000020000000 0x0000000000020000 xrw
FLASH            0x0000000008000000 0x0000000000080000 xr
*default*        0x0000000000000000 0xffffffffffffffff

Linker script and memory map

LOAD c:/st/stm32cubeide_1.4.0/stm32cubeide/plugins/com.st.stm32cube.ide.mcu.externaltools.gnu-tools-for-stm32.7-2018-q2-update.win32_1.4.0.202007081208/tools/bin/../lib/gcc/arm-none-eabi/7.3.1/thumb/v7e-m/fpv4-sp/hard/crti.o
LOAD c:/st/stm32cubeide_1.4.0/stm32cubeide/plugins/com.st.stm32cube.ide.mcu.externaltools.gnu-tools-for-stm32.7-2018-q2-update.win32_1.4.0.202007081208/tools/bin/../lib/gcc/arm-none-eabi/7.3.1/thumb/v7e-m/fpv4-sp/hard/crtbegin.o
LOAD c:/st/stm32cubeide_1.4.0/stm32cubeide/plugins/com.st.stm32cube.ide.mcu.externaltools.gnu-tools-for-stm32.7-2018-q2-update.win32_1.4.0.202007081208/tools/bin/../lib/gcc/arm-none-eabi/7.3.1/../../../../arm-none-eabi/lib/thumb/v7e-m/fpv4-sp/hard/crt0.o
LOAD Core/Src/dma.o
LOAD Core/Src/fatfs_sd.o
LOAD Core/Src/gpio.o
LOAD Core/Src/main.o
LOAD Core/Src/spi.o
LOAD Core/Src/stm32f4xx_hal_msp.o
LOAD Core/Src/stm32f4xx_it.o
LOAD Core/Src/syscalls.o
LOAD Core/Src/sysmem.o
LOAD Core/Src/system_stm32f4xx.o
LOAD Core/Src/tim.o
LOAD Core/Startup/startup_stm32f411ceux.o
LOAD Drivers/STM32F4xx_HAL_Driver/Src/stm32f4xx_hal.o
LOAD Drivers/STM32F4xx_HAL_Driver/Src/stm32f4xx_hal_cortex.o
LOAD Drivers/STM32F4xx_HAL_Driver/Src/stm32f4xx_hal_dma.o
LOAD Drivers/STM32F4xx_HAL_Driver/Src/stm32f4xx_hal_dma_ex.o
LOAD Drivers/STM32F4xx_HAL_Driver/Src/stm32f4xx_hal_exti.o
LOAD Drivers/STM32F4xx_HAL_Driver/Src/stm32f4xx_hal_flash.o
LOAD Drivers/STM32F4xx_HAL_Driver/Src/stm32f4xx_hal_flash_ex.o
LOAD Drivers/STM32F4xx_HAL_Driver/Src/stm32f4xx_hal_flash_ramfunc.o
LOAD Drivers/STM32F4xx_HAL_Driver/Src/stm32f4xx_hal_gpio.o
LOAD Drivers/STM32F4xx_HAL_Driver/Src/stm32f4xx_hal_pcd.o
LOAD Drivers/STM32F4xx_HAL_Driver/Src/stm32f4xx_hal_pcd_ex.o
LOAD Drivers/STM32F4xx_HAL_Driver/Src/stm32f4xx_hal_pwr.o
LOAD Drivers/STM32F4xx_HAL_Driver/Src/stm32f4xx_hal_pwr_ex.o
LOAD Drivers/STM32F4xx_HAL_Driver/Src/stm32f4xx_hal_rcc.o
LOAD Drivers/STM32F4xx_HAL_Driver/Src/stm32f4xx_hal_rcc_ex.o
LOAD Drivers/STM32F4xx_HAL_Driver/Src/stm32f4xx_hal_spi.o
LOAD Drivers/STM32F4xx_HAL_Driver/Src/stm32f4xx_hal_tim.o
LOAD Drivers/STM32F4xx_HAL_Driver/Src/stm32f4xx_hal_tim_ex.o
LOAD Drivers/STM32F4xx_HAL_Driver/Src/stm32f4xx_ll_usb.o
LOAD FATFS/App/fatfs.o
LOAD FATFS/Target/user_diskio.o
LOAD Middlewares/ST/STM32_USB_Device_Library/Class/CDC/Src/usbd_cdc.o
LOAD Middlewares/ST/STM32_USB_Device_Library/Core/Src/usbd_core.o
LOAD Middlewares/ST/STM32_USB_Device_Library/Core/Src/usbd_ctlreq.o
LOAD Middlewares/ST/STM32_USB_Device_Library/Core/Src/usbd_ioreq.o
LOAD Middlewares/Third_Party/FatFs/src/diskio.o
LOAD Middlewares/Third_Party/FatFs/src/ff.o
LOAD Middlewares/Third_Party/FatFs/src/ff_gen_drv.o
LOAD Middlewares/Third_Party/FatFs/src/option/ccsbcs.o
LOAD Middlewares/Third_Party/FatFs/src/option/syscall.o
LOAD USB_DEVICE/App/usb_device.o
LOAD USB_DEVICE/App/usbd_cdc_if.o
LOAD USB_DEVICE/App/usbd_desc.o
LOAD USB_DEVICE/Target/usbd_conf.o
START GROUP
LOAD c:/st/stm32cubeide_1.4.0/stm32cubeide/plugins/com.st.stm32cube.ide.mcu.externaltools.gnu-tools-for-stm32.7-2018-q2-update.win32_1.4.0.202007081208/tools/bin/../lib/gcc/arm-none-eabi/7.3.1/../../../../arm-none-eabi/lib/thumb/v7e-m/fpv4-sp/hard\libc_nano.a
LOAD c:/st/stm32cubeide_1.4.0/stm32cubeide/plugins/com.st.stm32cube.ide.mcu.externaltools.gnu-tools-for-stm32.7-2018-q2-update.win32_1.4.0.202007081208/tools/bin/../lib/gcc/arm-none-eabi/7.3.1/../../../../arm-none-eabi/lib/thumb/v7e-m/fpv4-sp/hard\libm.a
END GROUP
START GROUP
LOAD c:/st/stm32cubeide_1.4.0/stm32cubeide/plugins/com.st.stm32cube.ide.mcu.externaltools.gnu-tools-for-stm32.7-2018-q2-update.win32_1.4.0.202007081208/tools/bin/../lib/gcc/arm-none-eabi/7.3.1/thumb/v7e-m/fpv4-sp/hard\libgcc.a
LOAD c:/st/stm32cubeide_1.4.0/stm32cubeide/plugins/com.st.stm32cube.ide.mcu.externaltools.gnu-tools-for-stm32.7-2018-q2-update.win32_1.4.0.202007081208/tools/bin/../lib/gcc/arm-none-eabi/7.3.1/../../../../arm-none-eabi/lib/thumb/v7e-m/fpv4-sp/hard\libc_nano.a
END GROUP
START GROUP
LOAD c:/st/stm32cubeide_1.4.0/stm32cubeide/plugins/com.st.stm32cube.ide.mcu.externaltools.gnu-tools-for-stm32.7-2018-q2-update.win32_1.4.0.202007081208/tools/bin/../lib/gcc/arm-none-eabi/7.3.1/thumb/v7e-m/fpv4-sp/hard\libgcc.a
LOAD c:/st/stm32cubeide_1.4.0/stm32cubeide/plugins/com.st.stm32cube.ide.mcu.externaltools.gnu-tools-for-stm32.7-2018-q2-update.win32_1.4.0.202007081208/tools/bin/../lib/gcc/arm-none-eabi/7.3.1/../../../../arm-none-eabi/lib/thumb/v7e-m/fpv4-sp/hard\libc_nano.a
LOAD c:/st/stm32cubeide_1.4.0/stm32cubeide/plugins/com.st.stm32cube.ide.mcu.externaltools.gnu-tools-for-stm32.7-2018-q2-update.win32_1.4.0.202007081208/tools/bin/../lib/gcc/arm-none-eabi/7.3.1/../../../../arm-none-eabi/lib/thumb/v7e-m/fpv4-sp/hard\libnosys.a
END GROUP
START GROUP
LOAD c:/st/stm32cubeide_1.4.0/stm32cubeide/plugins/com.st.stm32cube.ide.mcu.externaltools.gnu-tools-for-stm32.7-2018-q2-update.win32_1.4.0.202007081208/tools/bin/../lib/gcc/arm-none-eabi/7.3.1/thumb/v7e-m/fpv4-sp/hard\libgcc.a
LOAD c:/st/stm32cubeide_1.4.0/stm32cubeide/plugins/com.st.stm32cube.ide.mcu.externaltools.gnu-tools-for-stm32.7-2018-q2-update.win32_1.4.0.202007081208/tools/bin/../lib/gcc/arm-none-eabi/7.3.1/../../../../arm-none-eabi/lib/thumb/v7e-m/fpv4-sp/hard\libc_nano.a
LOAD c:/st/stm32cubeide_1.4.0/stm32cubeide/plugins/com.st.stm32cube.ide.mcu.externaltools.gnu-tools-for-stm32.7-2018-q2-update.win32_1.4.0.202007081208/tools/bin/../lib/gcc/arm-none-eabi/7.3.1/../../../../arm-none-eabi/lib/thumb/v7e-m/fpv4-sp/hard\libnosys.a
END GROUP
LOAD c:/st/stm32cubeide_1.4.0/stm32cubeide/plugins/com.st.stm32cube.ide.mcu.externaltools.gnu-tools-for-stm32.7-2018-q2-update.win32_1.4.0.202007081208/tools/bin/../lib/gcc/arm-none-eabi/7.3.1/thumb/v7e-m/fpv4-sp/hard/crtend.o
LOAD c:/st/stm32cubeide_1.4.0/stm32cubeide/plugins/com.st.stm32cube.ide.mcu.externaltools.gnu-tools-for-stm32.7-2018-q2-update.win32_1.4.0.202007081208/tools/bin/../lib/gcc/arm-none-eabi/7.3.1/thumb/v7e-m/fpv4-sp/hard/crtn.o
                0x0000000020020000                _estack = (ORIGIN (RAM) + LENGTH (RAM))
                0x0000000000000100                _Min_Heap_Size = 0x100
                0x0000000000000100                _Min_Stack_Size = 0x100

.isr_vector     0x0000000008000000      0x198
                0x0000000008000000                . = ALIGN (0x4)
 *(.isr_vector)
 .isr_vector    0x0000000008000000      0x198 Core/Startup/startup_stm32f411ceux.o
                0x0000000008000000                g_pfnVectors
                0x0000000008000198                . = ALIGN (0x4)

.text           0x00000000080001a0     0xe104
                0x00000000080001a0                . = ALIGN (0x4)
 *(.text)
 .text          0x00000000080001a0       0x40 c:/st/stm32cubeide_1.4.0/stm32cubeide/plugins/com.st.stm32cube.ide.mcu.externaltools.gnu-tools-for-stm32.7-2018-q2-update.win32_1.4.0.202007081208/tools/bin/../lib/gcc/arm-none-eabi/7.3.1/thumb/v7e-m/fpv4-sp/hard/crtbegin.o
 .text          0x00000000080001e0       0x10 c:/st/stm32cubeide_1.4.0/stm32cubeide/plugins/com.st.stm32cube.ide.mcu.externaltools.gnu-tools-for-stm32.7-2018-q2-update.win32_1.4.0.202007081208/tools/bin/../lib/gcc/arm-none-eabi/7.3.1/../../../../arm-none-eabi/lib/thumb/v7e-m/fpv4-sp/hard\libc_nano.a(lib_a-strlen.o)
                0x00000000080001e0                strlen
 .text          0x00000000080001f0       0xa0 c:/st/stm32cubeide_1.4.0/stm32cubeide/plugins/com.st.stm32cube.ide.mcu.externaltools.gnu-tools-for-stm32.7-2018-q2-update.win32_1.4.0.202007081208/tools/bin/../lib/gcc/arm-none-eabi/7.3.1/../../../../arm-none-eabi/lib/thumb/v7e-m/fpv4-sp/hard\libc_nano.a(lib_a-memchr.o)
                0x00000000080001f0                memchr
 .text          0x0000000008000290      0x378 c:/st/stm32cubeide_1.4.0/stm32cubeide/plugins/com.st.stm32cube.ide.mcu.externaltools.gnu-tools-for-stm32.7-2018-q2-update.win32_1.4.0.202007081208/tools/bin/../lib/gcc/arm-none-eabi/7.3.1/thumb/v7e-m/fpv4-sp/hard\libgcc.a(_arm_addsubdf3.o)
                0x0000000008000290                __aeabi_drsub
                0x0000000008000298                __aeabi_dsub
                0x0000000008000298                __subdf3
                0x000000000800029c                __aeabi_dadd
                0x000000000800029c                __adddf3
                0x0000000008000514                __floatunsidf
                0x0000000008000514                __aeabi_ui2d
                0x0000000008000534                __floatsidf
                0x0000000008000534                __aeabi_i2d
                0x0000000008000558                __aeabi_f2d
                0x0000000008000558                __extendsfdf2
                0x000000000800059c                __floatundidf
                0x000000000800059c                __aeabi_ul2d
                0x00000000080005ac                __floatdidf
                0x00000000080005ac                __aeabi_l2d
 .text          0x0000000008000608       0xa0 c:/st/stm32cubeide_1.4.0/stm32cubeide/plugins/com.st.stm32cube.ide.mcu.externaltools.gnu-tools-for-stm32.7-2018-q2-update.win32_1.4.0.202007081208/tools/bin/../lib/gcc/arm-none-eabi/7.3.1/thumb/v7e-m/fpv4-sp/hard\libgcc.a(_arm_truncdfsf2.o)
                0x0000000008000608                __truncdfsf2
                0x0000000008000608                __aeabi_d2f
 .text          0x00000000080006a8       0x30 c:/st/stm32cubeide_1.4.0/stm32cubeide/plugins/com.st.stm32cube.ide.mcu.externaltools.gnu-tools-for-stm32.7-2018-q2-update.win32_1.4.0.202007081208/tools/bin/../lib/gcc/arm-none-eabi/7.3.1/thumb/v7e-m/fpv4-sp/hard\libgcc.a(_aeabi_uldivmod.o)
                0x00000000080006a8                __aeabi_uldivmod
 .text          0x00000000080006d8      0x2cc c:/st/stm32cubeide_1.4.0/stm32cubeide/plugins/com.st.stm32cube.ide.mcu.externaltools.gnu-tools-for-stm32.7-2018-q2-update.win32_1.4.0.202007081208/tools/bin/../lib/gcc/arm-none-eabi/7.3.1/thumb/v7e-m/fpv4-sp/hard\libgcc.a(_udivmoddi4.o)
                0x00000000080006d8                __udivmoddi4
 .text          0x00000000080009a4        0x4 c:/st/stm32cubeide_1.4.0/stm32cubeide/plugins/com.st.stm32cube.ide.mcu.externaltools.gnu-tools-for-stm32.7-2018-q2-update.win32_1.4.0.202007081208/tools/bin/../lib/gcc/arm-none-eabi/7.3.1/thumb/v7e-m/fpv4-sp/hard\libgcc.a(_dvmd_tls.o)
                0x00000000080009a4                __aeabi_idiv0
                0x00000000080009a4                __aeabi_ldiv0
 *(.text*)
 .text.MX_DMA_Init
                0x00000000080009a8       0x40 Core/Src/dma.o
                0x00000000080009a8                MX_DMA_Init
 .text.SELECT   0x00000000080009e8       0x20 Core/Src/fatfs_sd.o
 .text.DESELECT
                0x0000000008000a08       0x20 Core/Src/fatfs_sd.o
 .text.SPI_TxByte
                0x0000000008000a28       0x34 Core/Src/fatfs_sd.o
 .text.SPI_TxBuffer
                0x0000000008000a5c       0x34 Core/Src/fatfs_sd.o
 .text.SPI_RxByte
                0x0000000008000a90       0x38 Core/Src/fatfs_sd.o
 .text.SPI_RxBytePtr
                0x0000000008000ac8       0x1c Core/Src/fatfs_sd.o
 .text.SD_ReadyWait
                0x0000000008000ae4       0x34 Core/Src/fatfs_sd.o
 .text.SD_PowerOn
                0x0000000008000b18       0x84 Core/Src/fatfs_sd.o
 .text.SD_PowerOff
                0x0000000008000b9c       0x18 Core/Src/fatfs_sd.o
 .text.SD_CheckPower
                0x0000000008000bb4       0x18 Core/Src/fatfs_sd.o
 .text.SD_RxDataBlock
                0x0000000008000bcc       0x5c Core/Src/fatfs_sd.o
 .text.SD_TxDataBlock
                0x0000000008000c28       0x86 Core/Src/fatfs_sd.o
 .text.SD_SendCmd
                0x0000000008000cae       0xa8 Core/Src/fatfs_sd.o
 *fill*         0x0000000008000d56        0x2 
 .text.SD_disk_initialize
                0x0000000008000d58      0x1cc Core/Src/fatfs_sd.o
                0x0000000008000d58                SD_disk_initialize
 .text.SD_disk_status
                0x0000000008000f24       0x2c Core/Src/fatfs_sd.o
                0x0000000008000f24                SD_disk_status
 .text.SD_disk_read
                0x0000000008000f50       0xd4 Core/Src/fatfs_sd.o
                0x0000000008000f50                SD_disk_read
 .text.SD_disk_write
                0x0000000008001024      0x108 Core/Src/fatfs_sd.o
                0x0000000008001024                SD_disk_write
 .text.SD_disk_ioctl
                0x000000000800112c      0x254 Core/Src/fatfs_sd.o
                0x000000000800112c                SD_disk_ioctl
 .text.MX_GPIO_Init
                0x0000000008001380      0x11c Core/Src/gpio.o
                0x0000000008001380                MX_GPIO_Init
 .text.SendUART
                0x000000000800149c       0x22 Core/Src/main.o
                0x000000000800149c                SendUART
 *fill*         0x00000000080014be        0x2 
 .text.ClearDict
                0x00000000080014c0       0x9c Core/Src/main.o
                0x00000000080014c0                ClearDict
 .text.LoadImageSubData
                0x000000000800155c       0x88 Core/Src/main.o
                0x000000000800155c                LoadImageSubData
 .text.GetNextCode
                0x00000000080015e4       0xc8 Core/Src/main.o
                0x00000000080015e4                GetNextCode
 .text.Decode   0x00000000080016ac      0x2c0 Core/Src/main.o
                0x00000000080016ac                Decode
 .text.sRGB2RGB
                0x000000000800196c       0x50 Core/Src/main.o
                0x000000000800196c                sRGB2RGB
 .text.ReadGifPalette
                0x00000000080019bc       0x6c Core/Src/main.o
                0x00000000080019bc                ReadGifPalette
 .text.ReadGifImage
                0x0000000008001a28      0x164 Core/Src/main.o
                0x0000000008001a28                ReadGifImage
 .text.ReadGif  0x0000000008001b8c      0x11c Core/Src/main.o
                0x0000000008001b8c                ReadGif
 .text.SwapBuffer
                0x0000000008001ca8       0x48 Core/Src/main.o
                0x0000000008001ca8                SwapBuffer
 .text.InitDMDBuffer
                0x0000000008001cf0      0x12c Core/Src/main.o
                0x0000000008001cf0                InitDMDBuffer
 .text.FillDMDBuffer
                0x0000000008001e1c      0x184 Core/Src/main.o
                0x0000000008001e1c                FillDMDBuffer
 .text.SendFrame
                0x0000000008001fa0      0x130 Core/Src/main.o
                0x0000000008001fa0                SendFrame
 .text.data_tramsmitted_handler
                0x00000000080020d0       0x48 Core/Src/main.o
                0x00000000080020d0                data_tramsmitted_handler
 .text.transmit_error_handler
                0x0000000008002118       0x48 Core/Src/main.o
                0x0000000008002118                transmit_error_handler
 .text.main     0x0000000008002160       0xc4 Core/Src/main.o
                0x0000000008002160                main
 .text.SystemClock_Config
                0x0000000008002224       0xd0 Core/Src/main.o
                0x0000000008002224                SystemClock_Config
 .text.HAL_TIM_PeriodElapsedCallback
                0x00000000080022f4       0x20 Core/Src/main.o
                0x00000000080022f4                HAL_TIM_PeriodElapsedCallback
 .text.Error_Handler
                0x0000000008002314        0xe Core/Src/main.o
                0x0000000008002314                Error_Handler
 *fill*         0x0000000008002322        0x2 
 .text.MX_SPI1_Init
                0x0000000008002324       0x6c Core/Src/spi.o
                0x0000000008002324                MX_SPI1_Init
 .text.HAL_SPI_MspInit
                0x0000000008002390       0x90 Core/Src/spi.o
                0x0000000008002390                HAL_SPI_MspInit
 .text.HAL_MspInit
                0x0000000008002420       0x50 Core/Src/stm32f4xx_hal_msp.o
                0x0000000008002420                HAL_MspInit
 .text.SDTimer_Handler
                0x0000000008002470       0x48 Core/Src/stm32f4xx_it.o
                0x0000000008002470                SDTimer_Handler
 .text.NMI_Handler
                0x00000000080024b8        0xe Core/Src/stm32f4xx_it.o
                0x00000000080024b8                NMI_Handler
 .text.HardFault_Handler
                0x00000000080024c6        0x6 Core/Src/stm32f4xx_it.o
                0x00000000080024c6                HardFault_Handler
 .text.MemManage_Handler
                0x00000000080024cc        0x6 Core/Src/stm32f4xx_it.o
                0x00000000080024cc                MemManage_Handler
 .text.BusFault_Handler
                0x00000000080024d2        0x6 Core/Src/stm32f4xx_it.o
                0x00000000080024d2                BusFault_Handler
 .text.UsageFault_Handler
                0x00000000080024d8        0x6 Core/Src/stm32f4xx_it.o
                0x00000000080024d8                UsageFault_Handler
 .text.SVC_Handler
                0x00000000080024de        0xe Core/Src/stm32f4xx_it.o
                0x00000000080024de                SVC_Handler
 .text.DebugMon_Handler
                0x00000000080024ec        0xe Core/Src/stm32f4xx_it.o
                0x00000000080024ec                DebugMon_Handler
 .text.PendSV_Handler
                0x00000000080024fa        0xe Core/Src/stm32f4xx_it.o
                0x00000000080024fa                PendSV_Handler
 .text.SysTick_Handler
                0x0000000008002508       0x34 Core/Src/stm32f4xx_it.o
                0x0000000008002508                SysTick_Handler
 .text.TIM4_IRQHandler
                0x000000000800253c       0x28 Core/Src/stm32f4xx_it.o
                0x000000000800253c                TIM4_IRQHandler
 .text.OTG_FS_IRQHandler
                0x0000000008002564       0x14 Core/Src/stm32f4xx_it.o
                0x0000000008002564                OTG_FS_IRQHandler
 .text.DMA2_Stream5_IRQHandler
                0x0000000008002578       0x14 Core/Src/stm32f4xx_it.o
                0x0000000008002578                DMA2_Stream5_IRQHandler
 .text._sbrk    0x000000000800258c       0x6c Core/Src/sysmem.o
                0x000000000800258c                _sbrk
 .text.SystemInit
                0x00000000080025f8       0x2c Core/Src/system_stm32f4xx.o
                0x00000000080025f8                SystemInit
 .text.MX_TIM1_Init
                0x0000000008002624       0xa0 Core/Src/tim.o
                0x0000000008002624                MX_TIM1_Init
 .text.MX_TIM4_Init
                0x00000000080026c4       0xec Core/Src/tim.o
                0x00000000080026c4                MX_TIM4_Init
 .text.HAL_TIM_Base_MspInit
                0x00000000080027b0       0xf4 Core/Src/tim.o
                0x00000000080027b0                HAL_TIM_Base_MspInit
 .text.HAL_TIM_MspPostInit
                0x00000000080028a4       0x74 Core/Src/tim.o
                0x00000000080028a4                HAL_TIM_MspPostInit
 .text.Reset_Handler
                0x0000000008002918       0x50 Core/Startup/startup_stm32f411ceux.o
                0x0000000008002918                Reset_Handler
 .text.Default_Handler
                0x0000000008002968        0x2 Core/Startup/startup_stm32f411ceux.o
                0x0000000008002968                RTC_Alarm_IRQHandler
                0x0000000008002968                EXTI2_IRQHandler
                0x0000000008002968                SPI4_IRQHandler
                0x0000000008002968                TIM1_CC_IRQHandler
                0x0000000008002968                DMA1_Stream5_IRQHandler
                0x0000000008002968                PVD_IRQHandler
                0x0000000008002968                SDIO_IRQHandler
                0x0000000008002968                TAMP_STAMP_IRQHandler
                0x0000000008002968                EXTI3_IRQHandler
                0x0000000008002968                TIM1_UP_TIM10_IRQHandler
                0x0000000008002968                I2C3_ER_IRQHandler
                0x0000000008002968                EXTI0_IRQHandler
                0x0000000008002968                I2C2_EV_IRQHandler
                0x0000000008002968                DMA1_Stream2_IRQHandler
                0x0000000008002968                FPU_IRQHandler
                0x0000000008002968                DMA2_Stream2_IRQHandler
                0x0000000008002968                SPI1_IRQHandler
                0x0000000008002968                TIM1_BRK_TIM9_IRQHandler
                0x0000000008002968                DMA2_Stream3_IRQHandler
                0x0000000008002968                USART6_IRQHandler
                0x0000000008002968                DMA2_Stream0_IRQHandler
                0x0000000008002968                I2C1_EV_IRQHandler
                0x0000000008002968                DMA1_Stream6_IRQHandler
                0x0000000008002968                DMA1_Stream1_IRQHandler
                0x0000000008002968                TIM3_IRQHandler
                0x0000000008002968                RCC_IRQHandler
                0x0000000008002968                Default_Handler
                0x0000000008002968                EXTI15_10_IRQHandler
                0x0000000008002968                ADC_IRQHandler
                0x0000000008002968                DMA1_Stream7_IRQHandler
                0x0000000008002968                SPI5_IRQHandler
                0x0000000008002968                TIM5_IRQHandler
                0x0000000008002968                DMA2_Stream7_IRQHandler
                0x0000000008002968                I2C3_EV_IRQHandler
                0x0000000008002968                EXTI9_5_IRQHandler
                0x0000000008002968                RTC_WKUP_IRQHandler
                0x0000000008002968                SPI2_IRQHandler
                0x0000000008002968                DMA1_Stream0_IRQHandler
                0x0000000008002968                EXTI4_IRQHandler
                0x0000000008002968                WWDG_IRQHandler
                0x0000000008002968                TIM2_IRQHandler
                0x0000000008002968                OTG_FS_WKUP_IRQHandler
                0x0000000008002968                TIM1_TRG_COM_TIM11_IRQHandler
                0x0000000008002968                EXTI1_IRQHandler
                0x0000000008002968                USART2_IRQHandler
                0x0000000008002968                I2C2_ER_IRQHandler
                0x0000000008002968                DMA2_Stream1_IRQHandler
                0x0000000008002968                FLASH_IRQHandler
                0x0000000008002968                DMA2_Stream4_IRQHandler
                0x0000000008002968                USART1_IRQHandler
                0x0000000008002968                SPI3_IRQHandler
                0x0000000008002968                DMA1_Stream4_IRQHandler
                0x0000000008002968                I2C1_ER_IRQHandler
                0x0000000008002968                DMA2_Stream6_IRQHandler
                0x0000000008002968                DMA1_Stream3_IRQHandler
 *fill*         0x000000000800296a        0x2 
 .text.HAL_Init
                0x000000000800296c       0x44 Drivers/STM32F4xx_HAL_Driver/Src/stm32f4xx_hal.o
                0x000000000800296c                HAL_Init
 .text.HAL_InitTick
                0x00000000080029b0       0x60 Drivers/STM32F4xx_HAL_Driver/Src/stm32f4xx_hal.o
                0x00000000080029b0                HAL_InitTick
 .text.HAL_IncTick
                0x0000000008002a10       0x28 Drivers/STM32F4xx_HAL_Driver/Src/stm32f4xx_hal.o
                0x0000000008002a10                HAL_IncTick
 .text.HAL_GetTick
                0x0000000008002a38       0x18 Drivers/STM32F4xx_HAL_Driver/Src/stm32f4xx_hal.o
                0x0000000008002a38                HAL_GetTick
 .text.HAL_Delay
                0x0000000008002a50       0x44 Drivers/STM32F4xx_HAL_Driver/Src/stm32f4xx_hal.o
                0x0000000008002a50                HAL_Delay
 .text.__NVIC_SetPriorityGrouping
                0x0000000008002a94       0x48 Drivers/STM32F4xx_HAL_Driver/Src/stm32f4xx_hal_cortex.o
 .text.__NVIC_GetPriorityGrouping
                0x0000000008002adc       0x1c Drivers/STM32F4xx_HAL_Driver/Src/stm32f4xx_hal_cortex.o
 .text.__NVIC_EnableIRQ
                0x0000000008002af8       0x3c Drivers/STM32F4xx_HAL_Driver/Src/stm32f4xx_hal_cortex.o
 .text.__NVIC_SetPriority
                0x0000000008002b34       0x54 Drivers/STM32F4xx_HAL_Driver/Src/stm32f4xx_hal_cortex.o
 .text.NVIC_EncodePriority
                0x0000000008002b88       0x66 Drivers/STM32F4xx_HAL_Driver/Src/stm32f4xx_hal_cortex.o
 *fill*         0x0000000008002bee        0x2 
 .text.SysTick_Config
                0x0000000008002bf0       0x44 Drivers/STM32F4xx_HAL_Driver/Src/stm32f4xx_hal_cortex.o
 .text.HAL_NVIC_SetPriorityGrouping
                0x0000000008002c34       0x16 Drivers/STM32F4xx_HAL_Driver/Src/stm32f4xx_hal_cortex.o
                0x0000000008002c34                HAL_NVIC_SetPriorityGrouping
 .text.HAL_NVIC_SetPriority
                0x0000000008002c4a       0x38 Drivers/STM32F4xx_HAL_Driver/Src/stm32f4xx_hal_cortex.o
                0x0000000008002c4a                HAL_NVIC_SetPriority
 .text.HAL_NVIC_EnableIRQ
                0x0000000008002c82       0x1c Drivers/STM32F4xx_HAL_Driver/Src/stm32f4xx_hal_cortex.o
                0x0000000008002c82                HAL_NVIC_EnableIRQ
 .text.HAL_SYSTICK_Config
                0x0000000008002c9e       0x18 Drivers/STM32F4xx_HAL_Driver/Src/stm32f4xx_hal_cortex.o
                0x0000000008002c9e                HAL_SYSTICK_Config
 *fill*         0x0000000008002cb6        0x2 
 .text.HAL_DMA_Init
                0x0000000008002cb8      0x15c Drivers/STM32F4xx_HAL_Driver/Src/stm32f4xx_hal_dma.o
                0x0000000008002cb8                HAL_DMA_Init
 .text.HAL_DMA_Start_IT
                0x0000000008002e14       0xb0 Drivers/STM32F4xx_HAL_Driver/Src/stm32f4xx_hal_dma.o
                0x0000000008002e14                HAL_DMA_Start_IT
 .text.HAL_DMA_IRQHandler
                0x0000000008002ec4      0x314 Drivers/STM32F4xx_HAL_Driver/Src/stm32f4xx_hal_dma.o
                0x0000000008002ec4                HAL_DMA_IRQHandler
 .text.DMA_SetConfig
                0x00000000080031d8       0x5c Drivers/STM32F4xx_HAL_Driver/Src/stm32f4xx_hal_dma.o
 .text.DMA_CalcBaseAndBitshift
                0x0000000008003234       0x6c Drivers/STM32F4xx_HAL_Driver/Src/stm32f4xx_hal_dma.o
 .text.DMA_CheckFifoParam
                0x00000000080032a0       0xf4 Drivers/STM32F4xx_HAL_Driver/Src/stm32f4xx_hal_dma.o
 .text.HAL_GPIO_Init
                0x0000000008003394      0x304 Drivers/STM32F4xx_HAL_Driver/Src/stm32f4xx_hal_gpio.o
                0x0000000008003394                HAL_GPIO_Init
 .text.HAL_GPIO_WritePin
                0x0000000008003698       0x32 Drivers/STM32F4xx_HAL_Driver/Src/stm32f4xx_hal_gpio.o
                0x0000000008003698                HAL_GPIO_WritePin
 .text.HAL_PCD_Init
                0x00000000080036ca      0x23a Drivers/STM32F4xx_HAL_Driver/Src/stm32f4xx_hal_pcd.o
                0x00000000080036ca                HAL_PCD_Init
 .text.HAL_PCD_Start
                0x0000000008003904       0x66 Drivers/STM32F4xx_HAL_Driver/Src/stm32f4xx_hal_pcd.o
                0x0000000008003904                HAL_PCD_Start
 .text.HAL_PCD_IRQHandler
                0x000000000800396a      0x764 Drivers/STM32F4xx_HAL_Driver/Src/stm32f4xx_hal_pcd.o
                0x000000000800396a                HAL_PCD_IRQHandler
 .text.HAL_PCD_SetAddress
                0x00000000080040ce       0x4a Drivers/STM32F4xx_HAL_Driver/Src/stm32f4xx_hal_pcd.o
                0x00000000080040ce                HAL_PCD_SetAddress
 .text.HAL_PCD_EP_Open
                0x0000000008004118       0xd0 Drivers/STM32F4xx_HAL_Driver/Src/stm32f4xx_hal_pcd.o
                0x0000000008004118                HAL_PCD_EP_Open
 .text.HAL_PCD_EP_Close
                0x00000000080041e8       0x94 Drivers/STM32F4xx_HAL_Driver/Src/stm32f4xx_hal_pcd.o
                0x00000000080041e8                HAL_PCD_EP_Close
 .text.HAL_PCD_EP_Receive
                0x000000000800427c       0x96 Drivers/STM32F4xx_HAL_Driver/Src/stm32f4xx_hal_pcd.o
                0x000000000800427c                HAL_PCD_EP_Receive
 .text.HAL_PCD_EP_GetRxCount
                0x0000000008004312       0x30 Drivers/STM32F4xx_HAL_Driver/Src/stm32f4xx_hal_pcd.o
                0x0000000008004312                HAL_PCD_EP_GetRxCount
 .text.HAL_PCD_EP_Transmit
                0x0000000008004342       0x94 Drivers/STM32F4xx_HAL_Driver/Src/stm32f4xx_hal_pcd.o
                0x0000000008004342                HAL_PCD_EP_Transmit
 .text.HAL_PCD_EP_SetStall
                0x00000000080043d6       0xc8 Drivers/STM32F4xx_HAL_Driver/Src/stm32f4xx_hal_pcd.o
                0x00000000080043d6                HAL_PCD_EP_SetStall
 .text.HAL_PCD_EP_ClrStall
                0x000000000800449e       0xac Drivers/STM32F4xx_HAL_Driver/Src/stm32f4xx_hal_pcd.o
                0x000000000800449e                HAL_PCD_EP_ClrStall
 .text.PCD_WriteEmptyTxFifo
                0x000000000800454a      0x11a Drivers/STM32F4xx_HAL_Driver/Src/stm32f4xx_hal_pcd.o
 .text.PCD_EP_OutXfrComplete_int
                0x0000000008004664      0x218 Drivers/STM32F4xx_HAL_Driver/Src/stm32f4xx_hal_pcd.o
 .text.PCD_EP_OutSetupPacket_int
                0x000000000800487c       0x8c Drivers/STM32F4xx_HAL_Driver/Src/stm32f4xx_hal_pcd.o
 .text.HAL_PCDEx_SetTxFiFo
                0x0000000008004908       0x8e Drivers/STM32F4xx_HAL_Driver/Src/stm32f4xx_hal_pcd_ex.o
                0x0000000008004908                HAL_PCDEx_SetTxFiFo
 .text.HAL_PCDEx_SetRxFiFo
                0x0000000008004996       0x22 Drivers/STM32F4xx_HAL_Driver/Src/stm32f4xx_hal_pcd_ex.o
                0x0000000008004996                HAL_PCDEx_SetRxFiFo
 .text.HAL_PCDEx_LPM_Callback
                0x00000000080049b8       0x18 Drivers/STM32F4xx_HAL_Driver/Src/stm32f4xx_hal_pcd_ex.o
                0x00000000080049b8                HAL_PCDEx_LPM_Callback
 .text.HAL_RCC_OscConfig
                0x00000000080049d0      0x4e0 Drivers/STM32F4xx_HAL_Driver/Src/stm32f4xx_hal_rcc.o
                0x00000000080049d0                HAL_RCC_OscConfig
 .text.HAL_RCC_ClockConfig
                0x0000000008004eb0      0x1cc Drivers/STM32F4xx_HAL_Driver/Src/stm32f4xx_hal_rcc.o
                0x0000000008004eb0                HAL_RCC_ClockConfig
 .text.HAL_RCC_GetSysClockFreq
                0x000000000800507c      0x164 Drivers/STM32F4xx_HAL_Driver/Src/stm32f4xx_hal_rcc.o
                0x000000000800507c                HAL_RCC_GetSysClockFreq
 .text.HAL_RCC_GetHCLKFreq
                0x00000000080051e0       0x18 Drivers/STM32F4xx_HAL_Driver/Src/stm32f4xx_hal_rcc.o
                0x00000000080051e0                HAL_RCC_GetHCLKFreq
 .text.HAL_SPI_Init
                0x00000000080051f8       0xc8 Drivers/STM32F4xx_HAL_Driver/Src/stm32f4xx_hal_spi.o
                0x00000000080051f8                HAL_SPI_Init
 .text.HAL_SPI_Transmit
                0x00000000080052c0      0x268 Drivers/STM32F4xx_HAL_Driver/Src/stm32f4xx_hal_spi.o
                0x00000000080052c0                HAL_SPI_Transmit
 .text.HAL_SPI_TransmitReceive
                0x0000000008005528      0x344 Drivers/STM32F4xx_HAL_Driver/Src/stm32f4xx_hal_spi.o
                0x0000000008005528                HAL_SPI_TransmitReceive
 .text.SPI_WaitFlagStateUntilTimeout
                0x000000000800586c       0xd4 Drivers/STM32F4xx_HAL_Driver/Src/stm32f4xx_hal_spi.o
 .text.SPI_EndRxTxTransaction
                0x0000000008005940       0x84 Drivers/STM32F4xx_HAL_Driver/Src/stm32f4xx_hal_spi.o
 .text.HAL_TIM_Base_Init
                0x00000000080059c4       0x56 Drivers/STM32F4xx_HAL_Driver/Src/stm32f4xx_hal_tim.o
                0x00000000080059c4                HAL_TIM_Base_Init
 .text.HAL_TIM_Base_Start_IT
                0x0000000008005a1a       0x48 Drivers/STM32F4xx_HAL_Driver/Src/stm32f4xx_hal_tim.o
                0x0000000008005a1a                HAL_TIM_Base_Start_IT
 .text.HAL_TIM_PWM_Init
                0x0000000008005a62       0x56 Drivers/STM32F4xx_HAL_Driver/Src/stm32f4xx_hal_tim.o
                0x0000000008005a62                HAL_TIM_PWM_Init
 .text.HAL_TIM_PWM_MspInit
                0x0000000008005ab8       0x14 Drivers/STM32F4xx_HAL_Driver/Src/stm32f4xx_hal_tim.o
                0x0000000008005ab8                HAL_TIM_PWM_MspInit
 .text.HAL_TIM_PWM_Start
                0x0000000008005acc       0x64 Drivers/STM32F4xx_HAL_Driver/Src/stm32f4xx_hal_tim.o
                0x0000000008005acc                HAL_TIM_PWM_Start
 .text.HAL_TIM_IRQHandler
                0x0000000008005b30      0x210 Drivers/STM32F4xx_HAL_Driver/Src/stm32f4xx_hal_tim.o
                0x0000000008005b30                HAL_TIM_IRQHandler
 .text.HAL_TIM_PWM_ConfigChannel
                0x0000000008005d40      0x18c Drivers/STM32F4xx_HAL_Driver/Src/stm32f4xx_hal_tim.o
                0x0000000008005d40                HAL_TIM_PWM_ConfigChannel
 .text.HAL_TIM_ConfigClockSource
                0x0000000008005ecc      0x16e Drivers/STM32F4xx_HAL_Driver/Src/stm32f4xx_hal_tim.o
                0x0000000008005ecc                HAL_TIM_ConfigClockSource
 .text.HAL_TIM_OC_DelayElapsedCallback
                0x000000000800603a       0x14 Drivers/STM32F4xx_HAL_Driver/Src/stm32f4xx_hal_tim.o
                0x000000000800603a                HAL_TIM_OC_DelayElapsedCallback
 .text.HAL_TIM_IC_CaptureCallback
                0x000000000800604e       0x14 Drivers/STM32F4xx_HAL_Driver/Src/stm32f4xx_hal_tim.o
                0x000000000800604e                HAL_TIM_IC_CaptureCallback
 .text.HAL_TIM_PWM_PulseFinishedCallback
                0x0000000008006062       0x14 Drivers/STM32F4xx_HAL_Driver/Src/stm32f4xx_hal_tim.o
                0x0000000008006062                HAL_TIM_PWM_PulseFinishedCallback
 .text.HAL_TIM_TriggerCallback
                0x0000000008006076       0x14 Drivers/STM32F4xx_HAL_Driver/Src/stm32f4xx_hal_tim.o
                0x0000000008006076                HAL_TIM_TriggerCallback
 *fill*         0x000000000800608a        0x2 
 .text.TIM_Base_SetConfig
                0x000000000800608c      0x100 Drivers/STM32F4xx_HAL_Driver/Src/stm32f4xx_hal_tim.o
                0x000000000800608c                TIM_Base_SetConfig
 .text.TIM_OC1_SetConfig
                0x000000000800618c       0xcc Drivers/STM32F4xx_HAL_Driver/Src/stm32f4xx_hal_tim.o
 .text.TIM_OC2_SetConfig
                0x0000000008006258       0xd8 Drivers/STM32F4xx_HAL_Driver/Src/stm32f4xx_hal_tim.o
                0x0000000008006258                TIM_OC2_SetConfig
 .text.TIM_OC3_SetConfig
                0x0000000008006330       0xd4 Drivers/STM32F4xx_HAL_Driver/Src/stm32f4xx_hal_tim.o
 .text.TIM_OC4_SetConfig
                0x0000000008006404       0xa0 Drivers/STM32F4xx_HAL_Driver/Src/stm32f4xx_hal_tim.o
 .text.TIM_TI1_ConfigInputStage
                0x00000000080064a4       0x5e Drivers/STM32F4xx_HAL_Driver/Src/stm32f4xx_hal_tim.o
 .text.TIM_TI2_ConfigInputStage
                0x0000000008006502       0x60 Drivers/STM32F4xx_HAL_Driver/Src/stm32f4xx_hal_tim.o
 .text.TIM_ITRx_SetConfig
                0x0000000008006562       0x36 Drivers/STM32F4xx_HAL_Driver/Src/stm32f4xx_hal_tim.o
 .text.TIM_ETR_SetConfig
                0x0000000008006598       0x40 Drivers/STM32F4xx_HAL_Driver/Src/stm32f4xx_hal_tim.o
                0x0000000008006598                TIM_ETR_SetConfig
 .text.TIM_CCxChannelCmd
                0x00000000080065d8       0x4a Drivers/STM32F4xx_HAL_Driver/Src/stm32f4xx_hal_tim.o
                0x00000000080065d8                TIM_CCxChannelCmd
 *fill*         0x0000000008006622        0x2 
 .text.HAL_TIMEx_MasterConfigSynchronization
                0x0000000008006624       0xdc Drivers/STM32F4xx_HAL_Driver/Src/stm32f4xx_hal_tim_ex.o
                0x0000000008006624                HAL_TIMEx_MasterConfigSynchronization
 .text.HAL_TIMEx_CommutCallback
                0x0000000008006700       0x14 Drivers/STM32F4xx_HAL_Driver/Src/stm32f4xx_hal_tim_ex.o
                0x0000000008006700                HAL_TIMEx_CommutCallback
 .text.HAL_TIMEx_BreakCallback
                0x0000000008006714       0x14 Drivers/STM32F4xx_HAL_Driver/Src/stm32f4xx_hal_tim_ex.o
                0x0000000008006714                HAL_TIMEx_BreakCallback
 .text.USB_CoreInit
                0x0000000008006728       0xc2 Drivers/STM32F4xx_HAL_Driver/Src/stm32f4xx_ll_usb.o
                0x0000000008006728                USB_CoreInit
 *fill*         0x00000000080067ea        0x2 
 .text.USB_SetTurnaroundTime
                0x00000000080067ec      0x144 Drivers/STM32F4xx_HAL_Driver/Src/stm32f4xx_ll_usb.o
                0x00000000080067ec                USB_SetTurnaroundTime
 .text.USB_EnableGlobalInt
                0x0000000008006930       0x22 Drivers/STM32F4xx_HAL_Driver/Src/stm32f4xx_ll_usb.o
                0x0000000008006930                USB_EnableGlobalInt
 .text.USB_DisableGlobalInt
                0x0000000008006952       0x22 Drivers/STM32F4xx_HAL_Driver/Src/stm32f4xx_ll_usb.o
                0x0000000008006952                USB_DisableGlobalInt
 .text.USB_SetCurrentMode
                0x0000000008006974       0x54 Drivers/STM32F4xx_HAL_Driver/Src/stm32f4xx_ll_usb.o
                0x0000000008006974                USB_SetCurrentMode
 .text.USB_DevInit
                0x00000000080069c8      0x2c8 Drivers/STM32F4xx_HAL_Driver/Src/stm32f4xx_ll_usb.o
                0x00000000080069c8                USB_DevInit
 .text.USB_FlushTxFifo
                0x0000000008006c90       0x4c Drivers/STM32F4xx_HAL_Driver/Src/stm32f4xx_ll_usb.o
                0x0000000008006c90                USB_FlushTxFifo
 .text.USB_FlushRxFifo
                0x0000000008006cdc       0x44 Drivers/STM32F4xx_HAL_Driver/Src/stm32f4xx_ll_usb.o
                0x0000000008006cdc                USB_FlushRxFifo
 .text.USB_SetDevSpeed
                0x0000000008006d20       0x32 Drivers/STM32F4xx_HAL_Driver/Src/stm32f4xx_ll_usb.o
                0x0000000008006d20                USB_SetDevSpeed
 .text.USB_GetDevSpeed
                0x0000000008006d52       0x4a Drivers/STM32F4xx_HAL_Driver/Src/stm32f4xx_ll_usb.o
                0x0000000008006d52                USB_GetDevSpeed
 .text.USB_ActivateEndpoint
                0x0000000008006d9c      0x10e Drivers/STM32F4xx_HAL_Driver/Src/stm32f4xx_ll_usb.o
                0x0000000008006d9c                USB_ActivateEndpoint
 *fill*         0x0000000008006eaa        0x2 
 .text.USB_DeactivateEndpoint
                0x0000000008006eac      0x1b8 Drivers/STM32F4xx_HAL_Driver/Src/stm32f4xx_ll_usb.o
                0x0000000008006eac                USB_DeactivateEndpoint
 .text.USB_EPStartXfer
                0x0000000008007064      0x488 Drivers/STM32F4xx_HAL_Driver/Src/stm32f4xx_ll_usb.o
                0x0000000008007064                USB_EPStartXfer
 .text.USB_EP0StartXfer
                0x00000000080074ec      0x2a6 Drivers/STM32F4xx_HAL_Driver/Src/stm32f4xx_ll_usb.o
                0x00000000080074ec                USB_EP0StartXfer
 .text.USB_WritePacket
                0x0000000008007792       0x6a Drivers/STM32F4xx_HAL_Driver/Src/stm32f4xx_ll_usb.o
                0x0000000008007792                USB_WritePacket
 .text.USB_ReadPacket
                0x00000000080077fc       0x52 Drivers/STM32F4xx_HAL_Driver/Src/stm32f4xx_ll_usb.o
                0x00000000080077fc                USB_ReadPacket
 .text.USB_EPSetStall
                0x000000000800784e       0xdc Drivers/STM32F4xx_HAL_Driver/Src/stm32f4xx_ll_usb.o
                0x000000000800784e                USB_EPSetStall
 .text.USB_EPClearStall
                0x000000000800792a       0xcc Drivers/STM32F4xx_HAL_Driver/Src/stm32f4xx_ll_usb.o
                0x000000000800792a                USB_EPClearStall
 .text.USB_SetDevAddress
                0x00000000080079f6       0x4c Drivers/STM32F4xx_HAL_Driver/Src/stm32f4xx_ll_usb.o
                0x00000000080079f6                USB_SetDevAddress
 .text.USB_DevConnect
                0x0000000008007a42       0x30 Drivers/STM32F4xx_HAL_Driver/Src/stm32f4xx_ll_usb.o
                0x0000000008007a42                USB_DevConnect
 .text.USB_DevDisconnect
                0x0000000008007a72       0x30 Drivers/STM32F4xx_HAL_Driver/Src/stm32f4xx_ll_usb.o
                0x0000000008007a72                USB_DevDisconnect
 .text.USB_ReadInterrupts
                0x0000000008007aa2       0x26 Drivers/STM32F4xx_HAL_Driver/Src/stm32f4xx_ll_usb.o
                0x0000000008007aa2                USB_ReadInterrupts
 .text.USB_ReadDevAllOutEpInterrupt
                0x0000000008007ac8       0x34 Drivers/STM32F4xx_HAL_Driver/Src/stm32f4xx_ll_usb.o
                0x0000000008007ac8                USB_ReadDevAllOutEpInterrupt
 .text.USB_ReadDevAllInEpInterrupt
                0x0000000008007afc       0x34 Drivers/STM32F4xx_HAL_Driver/Src/stm32f4xx_ll_usb.o
                0x0000000008007afc                USB_ReadDevAllInEpInterrupt
 .text.USB_ReadDevOutEPInterrupt
                0x0000000008007b30       0x3c Drivers/STM32F4xx_HAL_Driver/Src/stm32f4xx_ll_usb.o
                0x0000000008007b30                USB_ReadDevOutEPInterrupt
 .text.USB_ReadDevInEPInterrupt
                0x0000000008007b6c       0x5c Drivers/STM32F4xx_HAL_Driver/Src/stm32f4xx_ll_usb.o
                0x0000000008007b6c                USB_ReadDevInEPInterrupt
 .text.USB_GetMode
                0x0000000008007bc8       0x1c Drivers/STM32F4xx_HAL_Driver/Src/stm32f4xx_ll_usb.o
                0x0000000008007bc8                USB_GetMode
 .text.USB_ActivateSetup
                0x0000000008007be4       0x46 Drivers/STM32F4xx_HAL_Driver/Src/stm32f4xx_ll_usb.o
                0x0000000008007be4                USB_ActivateSetup
 *fill*         0x0000000008007c2a        0x2 
 .text.USB_EP0_OutStart
                0x0000000008007c2c       0xbc Drivers/STM32F4xx_HAL_Driver/Src/stm32f4xx_ll_usb.o
                0x0000000008007c2c                USB_EP0_OutStart
 .text.USB_CoreReset
                0x0000000008007ce8       0x68 Drivers/STM32F4xx_HAL_Driver/Src/stm32f4xx_ll_usb.o
 .text.MX_FATFS_Init
                0x0000000008007d50       0x24 FATFS/App/fatfs.o
                0x0000000008007d50                MX_FATFS_Init
 .text.get_fattime
                0x0000000008007d74       0x10 FATFS/App/fatfs.o
                0x0000000008007d74                get_fattime
 .text.USER_initialize
                0x0000000008007d84       0x1c FATFS/Target/user_diskio.o
                0x0000000008007d84                USER_initialize
 .text.USER_status
                0x0000000008007da0       0x1c FATFS/Target/user_diskio.o
                0x0000000008007da0                USER_status
 .text.USER_read
                0x0000000008007dbc       0x26 FATFS/Target/user_diskio.o
                0x0000000008007dbc                USER_read
 .text.USER_write
                0x0000000008007de2       0x26 FATFS/Target/user_diskio.o
                0x0000000008007de2                USER_write
 .text.USER_ioctl
                0x0000000008007e08       0x26 FATFS/Target/user_diskio.o
                0x0000000008007e08                USER_ioctl
 .text.USBD_CDC_Init
                0x0000000008007e2e      0x100 Middlewares/ST/STM32_USB_Device_Library/Class/CDC/Src/usbd_cdc.o
 .text.USBD_CDC_DeInit
                0x0000000008007f2e       0x78 Middlewares/ST/STM32_USB_Device_Library/Class/CDC/Src/usbd_cdc.o
 *fill*         0x0000000008007fa6        0x2 
 .text.USBD_CDC_Setup
                0x0000000008007fa8      0x178 Middlewares/ST/STM32_USB_Device_Library/Class/CDC/Src/usbd_cdc.o
 .text.USBD_CDC_DataIn
                0x0000000008008120       0xbe Middlewares/ST/STM32_USB_Device_Library/Class/CDC/Src/usbd_cdc.o
 .text.USBD_CDC_DataOut
                0x00000000080081de       0x56 Middlewares/ST/STM32_USB_Device_Library/Class/CDC/Src/usbd_cdc.o
 .text.USBD_CDC_EP0_RxReady
                0x0000000008008234       0x50 Middlewares/ST/STM32_USB_Device_Library/Class/CDC/Src/usbd_cdc.o
 .text.USBD_CDC_GetFSCfgDesc
                0x0000000008008284       0x20 Middlewares/ST/STM32_USB_Device_Library/Class/CDC/Src/usbd_cdc.o
 .text.USBD_CDC_GetHSCfgDesc
                0x00000000080082a4       0x20 Middlewares/ST/STM32_USB_Device_Library/Class/CDC/Src/usbd_cdc.o
 .text.USBD_CDC_GetOtherSpeedCfgDesc
                0x00000000080082c4       0x20 Middlewares/ST/STM32_USB_Device_Library/Class/CDC/Src/usbd_cdc.o
 .text.USBD_CDC_GetDeviceQualifierDescriptor
                0x00000000080082e4       0x20 Middlewares/ST/STM32_USB_Device_Library/Class/CDC/Src/usbd_cdc.o
                0x00000000080082e4                USBD_CDC_GetDeviceQualifierDescriptor
 .text.USBD_CDC_RegisterInterface
                0x0000000008008304       0x2a Middlewares/ST/STM32_USB_Device_Library/Class/CDC/Src/usbd_cdc.o
                0x0000000008008304                USBD_CDC_RegisterInterface
 .text.USBD_CDC_SetTxBuffer
                0x000000000800832e       0x32 Middlewares/ST/STM32_USB_Device_Library/Class/CDC/Src/usbd_cdc.o
                0x000000000800832e                USBD_CDC_SetTxBuffer
 .text.USBD_CDC_SetRxBuffer
                0x0000000008008360       0x28 Middlewares/ST/STM32_USB_Device_Library/Class/CDC/Src/usbd_cdc.o
                0x0000000008008360                USBD_CDC_SetRxBuffer
 .text.USBD_CDC_TransmitPacket
                0x0000000008008388       0x60 Middlewares/ST/STM32_USB_Device_Library/Class/CDC/Src/usbd_cdc.o
                0x0000000008008388                USBD_CDC_TransmitPacket
 .text.USBD_CDC_ReceivePacket
                0x00000000080083e8       0x54 Middlewares/ST/STM32_USB_Device_Library/Class/CDC/Src/usbd_cdc.o
                0x00000000080083e8                USBD_CDC_ReceivePacket
 .text.USBD_Init
                0x000000000800843c       0x6c Middlewares/ST/STM32_USB_Device_Library/Core/Src/usbd_core.o
                0x000000000800843c                USBD_Init
 .text.USBD_RegisterClass
                0x00000000080084a8       0x42 Middlewares/ST/STM32_USB_Device_Library/Core/Src/usbd_core.o
                0x00000000080084a8                USBD_RegisterClass
 .text.USBD_Start
                0x00000000080084ea       0x18 Middlewares/ST/STM32_USB_Device_Library/Core/Src/usbd_core.o
                0x00000000080084ea                USBD_Start
 .text.USBD_RunTestMode
                0x0000000008008502       0x16 Middlewares/ST/STM32_USB_Device_Library/Core/Src/usbd_core.o
                0x0000000008008502                USBD_RunTestMode
 .text.USBD_SetClassConfig
                0x0000000008008518       0x38 Middlewares/ST/STM32_USB_Device_Library/Core/Src/usbd_core.o
                0x0000000008008518                USBD_SetClassConfig
 .text.USBD_ClrClassConfig
                0x0000000008008550       0x30 Middlewares/ST/STM32_USB_Device_Library/Core/Src/usbd_core.o
                0x0000000008008550                USBD_ClrClassConfig
 .text.USBD_LL_SetupStage
                0x0000000008008580       0xa6 Middlewares/ST/STM32_USB_Device_Library/Core/Src/usbd_core.o
                0x0000000008008580                USBD_LL_SetupStage
 .text.USBD_LL_DataOutStage
                0x0000000008008626       0xc6 Middlewares/ST/STM32_USB_Device_Library/Core/Src/usbd_core.o
                0x0000000008008626                USBD_LL_DataOutStage
 .text.USBD_LL_DataInStage
                0x00000000080086ec      0x12c Middlewares/ST/STM32_USB_Device_Library/Core/Src/usbd_core.o
                0x00000000080086ec                USBD_LL_DataInStage
 .text.USBD_LL_Reset
                0x0000000008008818       0x82 Middlewares/ST/STM32_USB_Device_Library/Core/Src/usbd_core.o
                0x0000000008008818                USBD_LL_Reset
 .text.USBD_LL_SetSpeed
                0x000000000800889a       0x20 Middlewares/ST/STM32_USB_Device_Library/Core/Src/usbd_core.o
                0x000000000800889a                USBD_LL_SetSpeed
 .text.USBD_LL_Suspend
                0x00000000080088ba       0x2a Middlewares/ST/STM32_USB_Device_Library/Core/Src/usbd_core.o
                0x00000000080088ba                USBD_LL_Suspend
 .text.USBD_LL_Resume
                0x00000000080088e4       0x2c Middlewares/ST/STM32_USB_Device_Library/Core/Src/usbd_core.o
                0x00000000080088e4                USBD_LL_Resume
 .text.USBD_LL_SOF
                0x0000000008008910       0x34 Middlewares/ST/STM32_USB_Device_Library/Core/Src/usbd_core.o
                0x0000000008008910                USBD_LL_SOF
 .text.USBD_LL_IsoINIncomplete
                0x0000000008008944       0x1a Middlewares/ST/STM32_USB_Device_Library/Core/Src/usbd_core.o
                0x0000000008008944                USBD_LL_IsoINIncomplete
 .text.USBD_LL_IsoOUTIncomplete
                0x000000000800895e       0x1a Middlewares/ST/STM32_USB_Device_Library/Core/Src/usbd_core.o
                0x000000000800895e                USBD_LL_IsoOUTIncomplete
 .text.USBD_LL_DevConnected
                0x0000000008008978       0x16 Middlewares/ST/STM32_USB_Device_Library/Core/Src/usbd_core.o
                0x0000000008008978                USBD_LL_DevConnected
 .text.USBD_LL_DevDisconnected
                0x000000000800898e       0x38 Middlewares/ST/STM32_USB_Device_Library/Core/Src/usbd_core.o
                0x000000000800898e                USBD_LL_DevDisconnected
 .text.SWAPBYTE
                0x00000000080089c6       0x3c Middlewares/ST/STM32_USB_Device_Library/Core/Src/usbd_ctlreq.o
 *fill*         0x0000000008008a02        0x2 
 .text.USBD_StdDevReq
                0x0000000008008a04       0xdc Middlewares/ST/STM32_USB_Device_Library/Core/Src/usbd_ctlreq.o
                0x0000000008008a04                USBD_StdDevReq
 .text.USBD_StdItfReq
                0x0000000008008ae0       0x8c Middlewares/ST/STM32_USB_Device_Library/Core/Src/usbd_ctlreq.o
                0x0000000008008ae0                USBD_StdItfReq
 .text.USBD_StdEPReq
                0x0000000008008b6c      0x2aa Middlewares/ST/STM32_USB_Device_Library/Core/Src/usbd_ctlreq.o
                0x0000000008008b6c                USBD_StdEPReq
 *fill*         0x0000000008008e16        0x2 
 .text.USBD_GetDescriptor
                0x0000000008008e18      0x2d4 Middlewares/ST/STM32_USB_Device_Library/Core/Src/usbd_ctlreq.o
 .text.USBD_SetAddress
                0x00000000080090ec       0x84 Middlewares/ST/STM32_USB_Device_Library/Core/Src/usbd_ctlreq.o
 .text.USBD_SetConfig
                0x0000000008009170      0x148 Middlewares/ST/STM32_USB_Device_Library/Core/Src/usbd_ctlreq.o
 .text.USBD_GetConfig
                0x00000000080092b8       0x68 Middlewares/ST/STM32_USB_Device_Library/Core/Src/usbd_ctlreq.o
 .text.USBD_GetStatus
                0x0000000008009320       0x66 Middlewares/ST/STM32_USB_Device_Library/Core/Src/usbd_ctlreq.o
 .text.USBD_SetFeature
                0x0000000008009386       0x28 Middlewares/ST/STM32_USB_Device_Library/Core/Src/usbd_ctlreq.o
 .text.USBD_ClrFeature
                0x00000000080093ae       0x42 Middlewares/ST/STM32_USB_Device_Library/Core/Src/usbd_ctlreq.o
 .text.USBD_ParseSetupRequest
                0x00000000080093f0       0x74 Middlewares/ST/STM32_USB_Device_Library/Core/Src/usbd_ctlreq.o
                0x00000000080093f0                USBD_ParseSetupRequest
 .text.USBD_CtlError
                0x0000000008009464       0x22 Middlewares/ST/STM32_USB_Device_Library/Core/Src/usbd_ctlreq.o
                0x0000000008009464                USBD_CtlError
 .text.USBD_GetString
                0x0000000008009486       0x8c Middlewares/ST/STM32_USB_Device_Library/Core/Src/usbd_ctlreq.o
                0x0000000008009486                USBD_GetString
 .text.USBD_GetLen
                0x0000000008009512       0x34 Middlewares/ST/STM32_USB_Device_Library/Core/Src/usbd_ctlreq.o
 .text.USBD_CtlSendData
                0x0000000008009546       0x36 Middlewares/ST/STM32_USB_Device_Library/Core/Src/usbd_ioreq.o
                0x0000000008009546                USBD_CtlSendData
 .text.USBD_CtlContinueSendData
                0x000000000800957c       0x22 Middlewares/ST/STM32_USB_Device_Library/Core/Src/usbd_ioreq.o
                0x000000000800957c                USBD_CtlContinueSendData
 .text.USBD_CtlPrepareRx
                0x000000000800959e       0x3a Middlewares/ST/STM32_USB_Device_Library/Core/Src/usbd_ioreq.o
                0x000000000800959e                USBD_CtlPrepareRx
 .text.USBD_CtlContinueRx
                0x00000000080095d8       0x22 Middlewares/ST/STM32_USB_Device_Library/Core/Src/usbd_ioreq.o
                0x00000000080095d8                USBD_CtlContinueRx
 .text.USBD_CtlSendStatus
                0x00000000080095fa       0x26 Middlewares/ST/STM32_USB_Device_Library/Core/Src/usbd_ioreq.o
                0x00000000080095fa                USBD_CtlSendStatus
 .text.USBD_CtlReceiveStatus
                0x0000000008009620       0x26 Middlewares/ST/STM32_USB_Device_Library/Core/Src/usbd_ioreq.o
                0x0000000008009620                USBD_CtlReceiveStatus
 *fill*         0x0000000008009646        0x2 
 .text.disk_status
                0x0000000008009648       0x34 Middlewares/Third_Party/FatFs/src/diskio.o
                0x0000000008009648                disk_status
 .text.disk_initialize
                0x000000000800967c       0x4c Middlewares/Third_Party/FatFs/src/diskio.o
                0x000000000800967c                disk_initialize
 .text.disk_read
                0x00000000080096c8       0x40 Middlewares/Third_Party/FatFs/src/diskio.o
                0x00000000080096c8                disk_read
 .text.disk_write
                0x0000000008009708       0x40 Middlewares/Third_Party/FatFs/src/diskio.o
                0x0000000008009708                disk_write
 .text.disk_ioctl
                0x0000000008009748       0x3c Middlewares/Third_Party/FatFs/src/diskio.o
                0x0000000008009748                disk_ioctl
 .text.ld_word  0x0000000008009784       0x30 Middlewares/Third_Party/FatFs/src/ff.o
 .text.ld_dword
                0x00000000080097b4       0x46 Middlewares/Third_Party/FatFs/src/ff.o
 .text.st_word  0x00000000080097fa       0x36 Middlewares/Third_Party/FatFs/src/ff.o
 .text.st_dword
                0x0000000008009830       0x58 Middlewares/Third_Party/FatFs/src/ff.o
 .text.mem_cpy  0x0000000008009888       0x42 Middlewares/Third_Party/FatFs/src/ff.o
 .text.mem_set  0x00000000080098ca       0x34 Middlewares/Third_Party/FatFs/src/ff.o
 .text.mem_cmp  0x00000000080098fe       0x4e Middlewares/Third_Party/FatFs/src/ff.o
 .text.chk_chr  0x000000000800994c       0x36 Middlewares/Third_Party/FatFs/src/ff.o
 *fill*         0x0000000008009982        0x2 
 .text.chk_lock
                0x0000000008009984       0xb8 Middlewares/Third_Party/FatFs/src/ff.o
 .text.enq_lock
                0x0000000008009a3c       0x44 Middlewares/Third_Party/FatFs/src/ff.o
 .text.inc_lock
                0x0000000008009a80      0x11c Middlewares/Third_Party/FatFs/src/ff.o
 .text.clear_lock
                0x0000000008009b9c       0x48 Middlewares/Third_Party/FatFs/src/ff.o
 .text.sync_window
                0x0000000008009be4       0x88 Middlewares/Third_Party/FatFs/src/ff.o
 .text.move_window
                0x0000000008009c6c       0x5a Middlewares/Third_Party/FatFs/src/ff.o
 .text.clust2sect
                0x0000000008009cc6       0x3e Middlewares/Third_Party/FatFs/src/ff.o
 .text.get_fat  0x0000000008009d04      0x1a0 Middlewares/Third_Party/FatFs/src/ff.o
 .text.put_fat  0x0000000008009ea4      0x22e Middlewares/Third_Party/FatFs/src/ff.o
 .text.remove_chain
                0x000000000800a0d2       0xca Middlewares/Third_Party/FatFs/src/ff.o
 .text.create_chain
                0x000000000800a19c      0x130 Middlewares/Third_Party/FatFs/src/ff.o
 .text.clmt_clust
                0x000000000800a2cc       0x70 Middlewares/Third_Party/FatFs/src/ff.o
 .text.dir_sdi  0x000000000800a33c      0x112 Middlewares/Third_Party/FatFs/src/ff.o
 .text.dir_next
                0x000000000800a44e      0x1ac Middlewares/Third_Party/FatFs/src/ff.o
 .text.dir_alloc
                0x000000000800a5fa       0x8e Middlewares/Third_Party/FatFs/src/ff.o
 .text.ld_clust
                0x000000000800a688       0x3e Middlewares/Third_Party/FatFs/src/ff.o
 .text.st_clust
                0x000000000800a6c6       0x40 Middlewares/Third_Party/FatFs/src/ff.o
 *fill*         0x000000000800a706        0x2 
 .text.cmp_lfn  0x000000000800a708       0xe0 Middlewares/Third_Party/FatFs/src/ff.o
 .text.put_lfn  0x000000000800a7e8       0xd0 Middlewares/Third_Party/FatFs/src/ff.o
 .text.gen_numname
                0x000000000800a8b8      0x11e Middlewares/Third_Party/FatFs/src/ff.o
 .text.sum_sfn  0x000000000800a9d6       0x42 Middlewares/Third_Party/FatFs/src/ff.o
 .text.dir_find
                0x000000000800aa18      0x180 Middlewares/Third_Party/FatFs/src/ff.o
 .text.dir_register
                0x000000000800ab98      0x1f0 Middlewares/Third_Party/FatFs/src/ff.o
 .text.create_name
                0x000000000800ad88      0x370 Middlewares/Third_Party/FatFs/src/ff.o
 .text.follow_path
                0x000000000800b0f8       0xec Middlewares/Third_Party/FatFs/src/ff.o
 .text.get_ldnumber
                0x000000000800b1e4       0x88 Middlewares/Third_Party/FatFs/src/ff.o
 .text.check_fs
                0x000000000800b26c       0xac Middlewares/Third_Party/FatFs/src/ff.o
 .text.find_volume
                0x000000000800b318      0x510 Middlewares/Third_Party/FatFs/src/ff.o
 .text.validate
                0x000000000800b828       0x6a Middlewares/Third_Party/FatFs/src/ff.o
 *fill*         0x000000000800b892        0x2 
 .text.f_mount  0x000000000800b894       0x8c Middlewares/Third_Party/FatFs/src/ff.o
                0x000000000800b894                f_mount
 .text.f_open   0x000000000800b920      0x398 Middlewares/Third_Party/FatFs/src/ff.o
                0x000000000800b920                f_open
 .text.f_read   0x000000000800bcb8      0x2be Middlewares/Third_Party/FatFs/src/ff.o
                0x000000000800bcb8                f_read
 .text.f_lseek  0x000000000800bf76      0x448 Middlewares/Third_Party/FatFs/src/ff.o
                0x000000000800bf76                f_lseek
 *fill*         0x000000000800c3be        0x2 
 .text.FATFS_LinkDriverEx
                0x000000000800c3c0       0x98 Middlewares/Third_Party/FatFs/src/ff_gen_drv.o
                0x000000000800c3c0                FATFS_LinkDriverEx
 .text.FATFS_LinkDriver
                0x000000000800c458       0x1e Middlewares/Third_Party/FatFs/src/ff_gen_drv.o
                0x000000000800c458                FATFS_LinkDriver
 *fill*         0x000000000800c476        0x2 
 .text.ff_convert
                0x000000000800c478       0x78 Middlewares/Third_Party/FatFs/src/option/ccsbcs.o
                0x000000000800c478                ff_convert
 .text.ff_wtoupper
                0x000000000800c4f0      0x114 Middlewares/Third_Party/FatFs/src/option/ccsbcs.o
                0x000000000800c4f0                ff_wtoupper
 .text.MX_USB_DEVICE_Init
                0x000000000800c604       0x60 USB_DEVICE/App/usb_device.o
                0x000000000800c604                MX_USB_DEVICE_Init
 .text.CDC_Init_FS
                0x000000000800c664       0x28 USB_DEVICE/App/usbd_cdc_if.o
 .text.CDC_DeInit_FS
                0x000000000800c68c       0x10 USB_DEVICE/App/usbd_cdc_if.o
 .text.CDC_Control_FS
                0x000000000800c69c       0xbc USB_DEVICE/App/usbd_cdc_if.o
 .text.CDC_Receive_FS
                0x000000000800c758       0x28 USB_DEVICE/App/usbd_cdc_if.o
 .text.CDC_Transmit_FS
                0x000000000800c780       0x4c USB_DEVICE/App/usbd_cdc_if.o
                0x000000000800c780                CDC_Transmit_FS
 .text.CDC_TransmitCplt_FS
                0x000000000800c7cc       0x22 USB_DEVICE/App/usbd_cdc_if.o
 *fill*         0x000000000800c7ee        0x2 
 .text.USBD_FS_DeviceDescriptor
                0x000000000800c7f0       0x24 USB_DEVICE/App/usbd_desc.o
                0x000000000800c7f0                USBD_FS_DeviceDescriptor
 .text.USBD_FS_LangIDStrDescriptor
                0x000000000800c814       0x24 USB_DEVICE/App/usbd_desc.o
                0x000000000800c814                USBD_FS_LangIDStrDescriptor
 .text.USBD_FS_ProductStrDescriptor
                0x000000000800c838       0x3c USB_DEVICE/App/usbd_desc.o
                0x000000000800c838                USBD_FS_ProductStrDescriptor
 .text.USBD_FS_ManufacturerStrDescriptor
                0x000000000800c874       0x28 USB_DEVICE/App/usbd_desc.o
                0x000000000800c874                USBD_FS_ManufacturerStrDescriptor
 .text.USBD_FS_SerialStrDescriptor
                0x000000000800c89c       0x24 USB_DEVICE/App/usbd_desc.o
                0x000000000800c89c                USBD_FS_SerialStrDescriptor
 .text.USBD_FS_ConfigStrDescriptor
                0x000000000800c8c0       0x3c USB_DEVICE/App/usbd_desc.o
                0x000000000800c8c0                USBD_FS_ConfigStrDescriptor
 .text.USBD_FS_InterfaceStrDescriptor
                0x000000000800c8fc       0x3c USB_DEVICE/App/usbd_desc.o
                0x000000000800c8fc                USBD_FS_InterfaceStrDescriptor
 .text.Get_SerialNum
                0x000000000800c938       0x58 USB_DEVICE/App/usbd_desc.o
 .text.IntToUnicode
                0x000000000800c990       0x7c USB_DEVICE/App/usbd_desc.o
 .text.HAL_PCD_MspInit
                0x000000000800ca0c       0xa8 USB_DEVICE/Target/usbd_conf.o
                0x000000000800ca0c                HAL_PCD_MspInit
 .text.HAL_PCD_SetupStageCallback
                0x000000000800cab4       0x24 USB_DEVICE/Target/usbd_conf.o
                0x000000000800cab4                HAL_PCD_SetupStageCallback
 .text.HAL_PCD_DataOutStageCallback
                0x000000000800cad8       0x36 USB_DEVICE/Target/usbd_conf.o
                0x000000000800cad8                HAL_PCD_DataOutStageCallback
 .text.HAL_PCD_DataInStageCallback
                0x000000000800cb0e       0x34 USB_DEVICE/Target/usbd_conf.o
                0x000000000800cb0e                HAL_PCD_DataInStageCallback
 .text.HAL_PCD_SOFCallback
                0x000000000800cb42       0x1c USB_DEVICE/Target/usbd_conf.o
                0x000000000800cb42                HAL_PCD_SOFCallback
 .text.HAL_PCD_ResetCallback
                0x000000000800cb5e       0x3c USB_DEVICE/Target/usbd_conf.o
                0x000000000800cb5e                HAL_PCD_ResetCallback
 *fill*         0x000000000800cb9a        0x2 
 .text.HAL_PCD_SuspendCallback
                0x000000000800cb9c       0x4c USB_DEVICE/Target/usbd_conf.o
                0x000000000800cb9c                HAL_PCD_SuspendCallback
 .text.HAL_PCD_ResumeCallback
                0x000000000800cbe8       0x1c USB_DEVICE/Target/usbd_conf.o
                0x000000000800cbe8                HAL_PCD_ResumeCallback
 .text.HAL_PCD_ISOOUTIncompleteCallback
                0x000000000800cc04       0x24 USB_DEVICE/Target/usbd_conf.o
                0x000000000800cc04                HAL_PCD_ISOOUTIncompleteCallback
 .text.HAL_PCD_ISOINIncompleteCallback
                0x000000000800cc28       0x24 USB_DEVICE/Target/usbd_conf.o
                0x000000000800cc28                HAL_PCD_ISOINIncompleteCallback
 .text.HAL_PCD_ConnectCallback
                0x000000000800cc4c       0x1c USB_DEVICE/Target/usbd_conf.o
                0x000000000800cc4c                HAL_PCD_ConnectCallback
 .text.HAL_PCD_DisconnectCallback
                0x000000000800cc68       0x1c USB_DEVICE/Target/usbd_conf.o
                0x000000000800cc68                HAL_PCD_DisconnectCallback
 .text.USBD_LL_Init
                0x000000000800cc84       0x98 USB_DEVICE/Target/usbd_conf.o
                0x000000000800cc84                USBD_LL_Init
 .text.USBD_LL_Start
                0x000000000800cd1c       0x36 USB_DEVICE/Target/usbd_conf.o
                0x000000000800cd1c                USBD_LL_Start
 .text.USBD_LL_OpenEP
                0x000000000800cd52       0x4c USB_DEVICE/Target/usbd_conf.o
                0x000000000800cd52                USBD_LL_OpenEP
 .text.USBD_LL_CloseEP
                0x000000000800cd9e       0x3e USB_DEVICE/Target/usbd_conf.o
                0x000000000800cd9e                USBD_LL_CloseEP
 .text.USBD_LL_StallEP
                0x000000000800cddc       0x3e USB_DEVICE/Target/usbd_conf.o
                0x000000000800cddc                USBD_LL_StallEP
 .text.USBD_LL_ClearStallEP
                0x000000000800ce1a       0x3e USB_DEVICE/Target/usbd_conf.o
                0x000000000800ce1a                USBD_LL_ClearStallEP
 .text.USBD_LL_IsStallEP
                0x000000000800ce58       0x58 USB_DEVICE/Target/usbd_conf.o
                0x000000000800ce58                USBD_LL_IsStallEP
 .text.USBD_LL_SetUSBAddress
                0x000000000800ceb0       0x3e USB_DEVICE/Target/usbd_conf.o
                0x000000000800ceb0                USBD_LL_SetUSBAddress
 .text.USBD_LL_Transmit
                0x000000000800ceee       0x42 USB_DEVICE/Target/usbd_conf.o
                0x000000000800ceee                USBD_LL_Transmit
 .text.USBD_LL_PrepareReceive
                0x000000000800cf30       0x42 USB_DEVICE/Target/usbd_conf.o
                0x000000000800cf30                USBD_LL_PrepareReceive
 .text.USBD_LL_GetRxDataSize
                0x000000000800cf72       0x26 USB_DEVICE/Target/usbd_conf.o
                0x000000000800cf72                USBD_LL_GetRxDataSize
 .text.USBD_Get_USB_Status
                0x000000000800cf98       0x58 USB_DEVICE/Target/usbd_conf.o
                0x000000000800cf98                USBD_Get_USB_Status
 .text.__errno  0x000000000800cff0        0xc c:/st/stm32cubeide_1.4.0/stm32cubeide/plugins/com.st.stm32cube.ide.mcu.externaltools.gnu-tools-for-stm32.7-2018-q2-update.win32_1.4.0.202007081208/tools/bin/../lib/gcc/arm-none-eabi/7.3.1/../../../../arm-none-eabi/lib/thumb/v7e-m/fpv4-sp/hard\libc_nano.a(lib_a-errno.o)
                0x000000000800cff0                __errno
 .text.__libc_init_array
                0x000000000800cffc       0x48 c:/st/stm32cubeide_1.4.0/stm32cubeide/plugins/com.st.stm32cube.ide.mcu.externaltools.gnu-tools-for-stm32.7-2018-q2-update.win32_1.4.0.202007081208/tools/bin/../lib/gcc/arm-none-eabi/7.3.1/../../../../arm-none-eabi/lib/thumb/v7e-m/fpv4-sp/hard\libc_nano.a(lib_a-init.o)
                0x000000000800cffc                __libc_init_array
 .text.malloc   0x000000000800d044       0x10 c:/st/stm32cubeide_1.4.0/stm32cubeide/plugins/com.st.stm32cube.ide.mcu.externaltools.gnu-tools-for-stm32.7-2018-q2-update.win32_1.4.0.202007081208/tools/bin/../lib/gcc/arm-none-eabi/7.3.1/../../../../arm-none-eabi/lib/thumb/v7e-m/fpv4-sp/hard\libc_nano.a(lib_a-malloc.o)
                0x000000000800d044                malloc
 .text.free     0x000000000800d054       0x10 c:/st/stm32cubeide_1.4.0/stm32cubeide/plugins/com.st.stm32cube.ide.mcu.externaltools.gnu-tools-for-stm32.7-2018-q2-update.win32_1.4.0.202007081208/tools/bin/../lib/gcc/arm-none-eabi/7.3.1/../../../../arm-none-eabi/lib/thumb/v7e-m/fpv4-sp/hard\libc_nano.a(lib_a-malloc.o)
                0x000000000800d054                free
 .text.memset   0x000000000800d064       0x10 c:/st/stm32cubeide_1.4.0/stm32cubeide/plugins/com.st.stm32cube.ide.mcu.externaltools.gnu-tools-for-stm32.7-2018-q2-update.win32_1.4.0.202007081208/tools/bin/../lib/gcc/arm-none-eabi/7.3.1/../../../../arm-none-eabi/lib/thumb/v7e-m/fpv4-sp/hard\libc_nano.a(lib_a-memset.o)
                0x000000000800d064                memset
 .text._free_r  0x000000000800d074       0x9c c:/st/stm32cubeide_1.4.0/stm32cubeide/plugins/com.st.stm32cube.ide.mcu.externaltools.gnu-tools-for-stm32.7-2018-q2-update.win32_1.4.0.202007081208/tools/bin/../lib/gcc/arm-none-eabi/7.3.1/../../../../arm-none-eabi/lib/thumb/v7e-m/fpv4-sp/hard\libc_nano.a(lib_a-nano-freer.o)
                0x000000000800d074                _free_r
 .text._malloc_r
                0x000000000800d110       0xb4 c:/st/stm32cubeide_1.4.0/stm32cubeide/plugins/com.st.stm32cube.ide.mcu.externaltools.gnu-tools-for-stm32.7-2018-q2-update.win32_1.4.0.202007081208/tools/bin/../lib/gcc/arm-none-eabi/7.3.1/../../../../arm-none-eabi/lib/thumb/v7e-m/fpv4-sp/hard\libc_nano.a(lib_a-nano-mallocr.o)
                0x000000000800d110                _malloc_r
 .text._sbrk_r  0x000000000800d1c4       0x20 c:/st/stm32cubeide_1.4.0/stm32cubeide/plugins/com.st.stm32cube.ide.mcu.externaltools.gnu-tools-for-stm32.7-2018-q2-update.win32_1.4.0.202007081208/tools/bin/../lib/gcc/arm-none-eabi/7.3.1/../../../../arm-none-eabi/lib/thumb/v7e-m/fpv4-sp/hard\libc_nano.a(lib_a-sbrkr.o)
                0x000000000800d1c4                _sbrk_r
 .text.sprintf  0x000000000800d1e4       0x40 c:/st/stm32cubeide_1.4.0/stm32cubeide/plugins/com.st.stm32cube.ide.mcu.externaltools.gnu-tools-for-stm32.7-2018-q2-update.win32_1.4.0.202007081208/tools/bin/../lib/gcc/arm-none-eabi/7.3.1/../../../../arm-none-eabi/lib/thumb/v7e-m/fpv4-sp/hard\libc_nano.a(lib_a-sprintf.o)
                0x000000000800d1e4                siprintf
                0x000000000800d1e4                sprintf
 .text.__malloc_lock
                0x000000000800d224        0x2 c:/st/stm32cubeide_1.4.0/stm32cubeide/plugins/com.st.stm32cube.ide.mcu.externaltools.gnu-tools-for-stm32.7-2018-q2-update.win32_1.4.0.202007081208/tools/bin/../lib/gcc/arm-none-eabi/7.3.1/../../../../arm-none-eabi/lib/thumb/v7e-m/fpv4-sp/hard\libc_nano.a(lib_a-mlock.o)
                0x000000000800d224                __malloc_lock
 .text.__malloc_unlock
                0x000000000800d226        0x2 c:/st/stm32cubeide_1.4.0/stm32cubeide/plugins/com.st.stm32cube.ide.mcu.externaltools.gnu-tools-for-stm32.7-2018-q2-update.win32_1.4.0.202007081208/tools/bin/../lib/gcc/arm-none-eabi/7.3.1/../../../../arm-none-eabi/lib/thumb/v7e-m/fpv4-sp/hard\libc_nano.a(lib_a-mlock.o)
                0x000000000800d226                __malloc_unlock
 .text.__ssputs_r
                0x000000000800d228       0xb4 c:/st/stm32cubeide_1.4.0/stm32cubeide/plugins/com.st.stm32cube.ide.mcu.externaltools.gnu-tools-for-stm32.7-2018-q2-update.win32_1.4.0.202007081208/tools/bin/../lib/gcc/arm-none-eabi/7.3.1/../../../../arm-none-eabi/lib/thumb/v7e-m/fpv4-sp/hard\libc_nano.a(lib_a-nano-svfprintf.o)
                0x000000000800d228                __ssputs_r
 .text._svfprintf_r
                0x000000000800d2dc      0x1f0 c:/st/stm32cubeide_1.4.0/stm32cubeide/plugins/com.st.stm32cube.ide.mcu.externaltools.gnu-tools-for-stm32.7-2018-q2-update.win32_1.4.0.202007081208/tools/bin/../lib/gcc/arm-none-eabi/7.3.1/../../../../arm-none-eabi/lib/thumb/v7e-m/fpv4-sp/hard\libc_nano.a(lib_a-nano-svfprintf.o)
                0x000000000800d2dc                _svfiprintf_r
                0x000000000800d2dc                _svfprintf_r
 .text._printf_common
                0x000000000800d4cc       0xea c:/st/stm32cubeide_1.4.0/stm32cubeide/plugins/com.st.stm32cube.ide.mcu.externaltools.gnu-tools-for-stm32.7-2018-q2-update.win32_1.4.0.202007081208/tools/bin/../lib/gcc/arm-none-eabi/7.3.1/../../../../arm-none-eabi/lib/thumb/v7e-m/fpv4-sp/hard\libc_nano.a(lib_a-nano-vfprintf_i.o)
                0x000000000800d4cc                _printf_common
 *fill*         0x000000000800d5b6        0x2 
 .text._printf_i
                0x000000000800d5b8      0x224 c:/st/stm32cubeide_1.4.0/stm32cubeide/plugins/com.st.stm32cube.ide.mcu.externaltools.gnu-tools-for-stm32.7-2018-q2-update.win32_1.4.0.202007081208/tools/bin/../lib/gcc/arm-none-eabi/7.3.1/../../../../arm-none-eabi/lib/thumb/v7e-m/fpv4-sp/hard\libc_nano.a(lib_a-nano-vfprintf_i.o)
                0x000000000800d5b8                _printf_i
 .text.memcpy   0x000000000800d7dc       0x16 c:/st/stm32cubeide_1.4.0/stm32cubeide/plugins/com.st.stm32cube.ide.mcu.externaltools.gnu-tools-for-stm32.7-2018-q2-update.win32_1.4.0.202007081208/tools/bin/../lib/gcc/arm-none-eabi/7.3.1/../../../../arm-none-eabi/lib/thumb/v7e-m/fpv4-sp/hard\libc_nano.a(lib_a-memcpy-stub.o)
                0x000000000800d7dc                memcpy
 .text.memmove  0x000000000800d7f2       0x32 c:/st/stm32cubeide_1.4.0/stm32cubeide/plugins/com.st.stm32cube.ide.mcu.externaltools.gnu-tools-for-stm32.7-2018-q2-update.win32_1.4.0.202007081208/tools/bin/../lib/gcc/arm-none-eabi/7.3.1/../../../../arm-none-eabi/lib/thumb/v7e-m/fpv4-sp/hard\libc_nano.a(lib_a-memmove.o)
                0x000000000800d7f2                memmove
 .text._realloc_r
                0x000000000800d824       0x4c c:/st/stm32cubeide_1.4.0/stm32cubeide/plugins/com.st.stm32cube.ide.mcu.externaltools.gnu-tools-for-stm32.7-2018-q2-update.win32_1.4.0.202007081208/tools/bin/../lib/gcc/arm-none-eabi/7.3.1/../../../../arm-none-eabi/lib/thumb/v7e-m/fpv4-sp/hard\libc_nano.a(lib_a-nano-reallocr.o)
                0x000000000800d824                _realloc_r
 .text._malloc_usable_size_r
                0x000000000800d870       0x10 c:/st/stm32cubeide_1.4.0/stm32cubeide/plugins/com.st.stm32cube.ide.mcu.externaltools.gnu-tools-for-stm32.7-2018-q2-update.win32_1.4.0.202007081208/tools/bin/../lib/gcc/arm-none-eabi/7.3.1/../../../../arm-none-eabi/lib/thumb/v7e-m/fpv4-sp/hard\libc_nano.a(lib_a-nano-msizer.o)
                0x000000000800d870                _malloc_usable_size_r
 .text.powf     0x000000000800d880      0x2c8 c:/st/stm32cubeide_1.4.0/stm32cubeide/plugins/com.st.stm32cube.ide.mcu.externaltools.gnu-tools-for-stm32.7-2018-q2-update.win32_1.4.0.202007081208/tools/bin/../lib/gcc/arm-none-eabi/7.3.1/../../../../arm-none-eabi/lib/thumb/v7e-m/fpv4-sp/hard\libm.a(lib_a-wf_pow.o)
                0x000000000800d880                powf
 .text.__ieee754_powf
                0x000000000800db48      0x580 c:/st/stm32cubeide_1.4.0/stm32cubeide/plugins/com.st.stm32cube.ide.mcu.externaltools.gnu-tools-for-stm32.7-2018-q2-update.win32_1.4.0.202007081208/tools/bin/../lib/gcc/arm-none-eabi/7.3.1/../../../../arm-none-eabi/lib/thumb/v7e-m/fpv4-sp/hard\libm.a(lib_a-ef_pow.o)
                0x000000000800db48                __ieee754_powf
 .text.__ieee754_sqrtf
                0x000000000800e0c8        0x6 c:/st/stm32cubeide_1.4.0/stm32cubeide/plugins/com.st.stm32cube.ide.mcu.externaltools.gnu-tools-for-stm32.7-2018-q2-update.win32_1.4.0.202007081208/tools/bin/../lib/gcc/arm-none-eabi/7.3.1/../../../../arm-none-eabi/lib/thumb/v7e-m/fpv4-sp/hard\libm.a(lib_a-ef_sqrt.o)
                0x000000000800e0c8                __ieee754_sqrtf
 .text.matherr  0x000000000800e0ce        0x4 c:/st/stm32cubeide_1.4.0/stm32cubeide/plugins/com.st.stm32cube.ide.mcu.externaltools.gnu-tools-for-stm32.7-2018-q2-update.win32_1.4.0.202007081208/tools/bin/../lib/gcc/arm-none-eabi/7.3.1/../../../../arm-none-eabi/lib/thumb/v7e-m/fpv4-sp/hard\libm.a(lib_a-s_matherr.o)
                0x000000000800e0ce                matherr
 .text.fabsf    0x000000000800e0d2        0xe c:/st/stm32cubeide_1.4.0/stm32cubeide/plugins/com.st.stm32cube.ide.mcu.externaltools.gnu-tools-for-stm32.7-2018-q2-update.win32_1.4.0.202007081208/tools/bin/../lib/gcc/arm-none-eabi/7.3.1/../../../../arm-none-eabi/lib/thumb/v7e-m/fpv4-sp/hard\libm.a(lib_a-sf_fabs.o)
                0x000000000800e0d2                fabsf
 .text.finitef  0x000000000800e0e0       0x14 c:/st/stm32cubeide_1.4.0/stm32cubeide/plugins/com.st.stm32cube.ide.mcu.externaltools.gnu-tools-for-stm32.7-2018-q2-update.win32_1.4.0.202007081208/tools/bin/../lib/gcc/arm-none-eabi/7.3.1/../../../../arm-none-eabi/lib/thumb/v7e-m/fpv4-sp/hard\libm.a(lib_a-sf_finite.o)
                0x000000000800e0e0                finitef
 .text.nanf     0x000000000800e0f4        0xc c:/st/stm32cubeide_1.4.0/stm32cubeide/plugins/com.st.stm32cube.ide.mcu.externaltools.gnu-tools-for-stm32.7-2018-q2-update.win32_1.4.0.202007081208/tools/bin/../lib/gcc/arm-none-eabi/7.3.1/../../../../arm-none-eabi/lib/thumb/v7e-m/fpv4-sp/hard\libm.a(lib_a-sf_nan.o)
                0x000000000800e0f4                nanf
 .text.rintf    0x000000000800e100       0xb4 c:/st/stm32cubeide_1.4.0/stm32cubeide/plugins/com.st.stm32cube.ide.mcu.externaltools.gnu-tools-for-stm32.7-2018-q2-update.win32_1.4.0.202007081208/tools/bin/../lib/gcc/arm-none-eabi/7.3.1/../../../../arm-none-eabi/lib/thumb/v7e-m/fpv4-sp/hard\libm.a(lib_a-sf_rint.o)
                0x000000000800e100                rintf
 .text.scalbnf  0x000000000800e1b4       0xc0 c:/st/stm32cubeide_1.4.0/stm32cubeide/plugins/com.st.stm32cube.ide.mcu.externaltools.gnu-tools-for-stm32.7-2018-q2-update.win32_1.4.0.202007081208/tools/bin/../lib/gcc/arm-none-eabi/7.3.1/../../../../arm-none-eabi/lib/thumb/v7e-m/fpv4-sp/hard\libm.a(lib_a-sf_scalbn.o)
                0x000000000800e1b4                scalbnf
 .text.copysignf
                0x000000000800e274       0x18 c:/st/stm32cubeide_1.4.0/stm32cubeide/plugins/com.st.stm32cube.ide.mcu.externaltools.gnu-tools-for-stm32.7-2018-q2-update.win32_1.4.0.202007081208/tools/bin/../lib/gcc/arm-none-eabi/7.3.1/../../../../arm-none-eabi/lib/thumb/v7e-m/fpv4-sp/hard\libm.a(lib_a-sf_copysign.o)
                0x000000000800e274                copysignf
 *(.glue_7)
 .glue_7        0x000000000800e28c        0x0 linker stubs
 *(.glue_7t)
 .glue_7t       0x000000000800e28c        0x0 linker stubs
 *(.eh_frame)
 .eh_frame      0x000000000800e28c        0x0 c:/st/stm32cubeide_1.4.0/stm32cubeide/plugins/com.st.stm32cube.ide.mcu.externaltools.gnu-tools-for-stm32.7-2018-q2-update.win32_1.4.0.202007081208/tools/bin/../lib/gcc/arm-none-eabi/7.3.1/thumb/v7e-m/fpv4-sp/hard/crtbegin.o
 *(.init)
 .init          0x000000000800e28c        0x4 c:/st/stm32cubeide_1.4.0/stm32cubeide/plugins/com.st.stm32cube.ide.mcu.externaltools.gnu-tools-for-stm32.7-2018-q2-update.win32_1.4.0.202007081208/tools/bin/../lib/gcc/arm-none-eabi/7.3.1/thumb/v7e-m/fpv4-sp/hard/crti.o
                0x000000000800e28c                _init
 .init          0x000000000800e290        0x8 c:/st/stm32cubeide_1.4.0/stm32cubeide/plugins/com.st.stm32cube.ide.mcu.externaltools.gnu-tools-for-stm32.7-2018-q2-update.win32_1.4.0.202007081208/tools/bin/../lib/gcc/arm-none-eabi/7.3.1/thumb/v7e-m/fpv4-sp/hard/crtn.o
 *(.fini)
 .fini          0x000000000800e298        0x4 c:/st/stm32cubeide_1.4.0/stm32cubeide/plugins/com.st.stm32cube.ide.mcu.externaltools.gnu-tools-for-stm32.7-2018-q2-update.win32_1.4.0.202007081208/tools/bin/../lib/gcc/arm-none-eabi/7.3.1/thumb/v7e-m/fpv4-sp/hard/crti.o
                0x000000000800e298                _fini
 .fini          0x000000000800e29c        0x8 c:/st/stm32cubeide_1.4.0/stm32cubeide/plugins/com.st.stm32cube.ide.mcu.externaltools.gnu-tools-for-stm32.7-2018-q2-update.win32_1.4.0.202007081208/tools/bin/../lib/gcc/arm-none-eabi/7.3.1/thumb/v7e-m/fpv4-sp/hard/crtn.o
                0x000000000800e2a4                . = ALIGN (0x4)
                0x000000000800e2a4                _etext = .

.vfp11_veneer   0x000000000800e2a4        0x0
 .vfp11_veneer  0x000000000800e2a4        0x0 linker stubs

.v4_bx          0x000000000800e2a4        0x0
 .v4_bx         0x000000000800e2a4        0x0 linker stubs

.iplt           0x000000000800e2a4        0x0
 .iplt          0x000000000800e2a4        0x0 c:/st/stm32cubeide_1.4.0/stm32cubeide/plugins/com.st.stm32cube.ide.mcu.externaltools.gnu-tools-for-stm32.7-2018-q2-update.win32_1.4.0.202007081208/tools/bin/../lib/gcc/arm-none-eabi/7.3.1/thumb/v7e-m/fpv4-sp/hard/crtbegin.o

.rodata         0x000000000800e2a4      0x784
                0x000000000800e2a4                . = ALIGN (0x4)
 *(.rodata)
 .rodata        0x000000000800e2a4      0x244 Core/Src/main.o
 .rodata        0x000000000800e4e8       0x48 Middlewares/Third_Party/FatFs/src/ff.o
 .rodata        0x000000000800e530       0x46 USB_DEVICE/App/usbd_desc.o
 *(.rodata*)
 *fill*         0x000000000800e576        0x2 
 .rodata.AHBPrescTable
                0x000000000800e578       0x10 Core/Src/system_stm32f4xx.o
                0x000000000800e578                AHBPrescTable
 .rodata.flagBitshiftOffset.8305
                0x000000000800e588        0x8 Drivers/STM32F4xx_HAL_Driver/Src/stm32f4xx_hal_dma.o
 .rodata.ExCvt  0x000000000800e590       0x80 Middlewares/Third_Party/FatFs/src/ff.o
 .rodata.LfnOfs
                0x000000000800e610        0xd Middlewares/Third_Party/FatFs/src/ff.o
 *fill*         0x000000000800e61d        0x3 
 .rodata.Tbl    0x000000000800e620      0x100 Middlewares/Third_Party/FatFs/src/option/ccsbcs.o
 .rodata.cvt1.9009
                0x000000000800e720      0x1f2 Middlewares/Third_Party/FatFs/src/option/ccsbcs.o
 *fill*         0x000000000800e912        0x2 
 .rodata.cvt2.9010
                0x000000000800e914       0xbc Middlewares/Third_Party/FatFs/src/option/ccsbcs.o
 .rodata._svfprintf_r.str1.1
                0x000000000800e9d0       0x11 c:/st/stm32cubeide_1.4.0/stm32cubeide/plugins/com.st.stm32cube.ide.mcu.externaltools.gnu-tools-for-stm32.7-2018-q2-update.win32_1.4.0.202007081208/tools/bin/../lib/gcc/arm-none-eabi/7.3.1/../../../../arm-none-eabi/lib/thumb/v7e-m/fpv4-sp/hard\libc_nano.a(lib_a-nano-svfprintf.o)
 .rodata._printf_i.str1.1
                0x000000000800e9e1       0x22 c:/st/stm32cubeide_1.4.0/stm32cubeide/plugins/com.st.stm32cube.ide.mcu.externaltools.gnu-tools-for-stm32.7-2018-q2-update.win32_1.4.0.202007081208/tools/bin/../lib/gcc/arm-none-eabi/7.3.1/../../../../arm-none-eabi/lib/thumb/v7e-m/fpv4-sp/hard\libc_nano.a(lib_a-nano-vfprintf_i.o)
 .rodata.powf.str1.1
                0x000000000800ea03        0x5 c:/st/stm32cubeide_1.4.0/stm32cubeide/plugins/com.st.stm32cube.ide.mcu.externaltools.gnu-tools-for-stm32.7-2018-q2-update.win32_1.4.0.202007081208/tools/bin/../lib/gcc/arm-none-eabi/7.3.1/../../../../arm-none-eabi/lib/thumb/v7e-m/fpv4-sp/hard\libm.a(lib_a-wf_pow.o)
 .rodata.__ieee754_powf.str1.1
                0x000000000800ea08        0x5 c:/st/stm32cubeide_1.4.0/stm32cubeide/plugins/com.st.stm32cube.ide.mcu.externaltools.gnu-tools-for-stm32.7-2018-q2-update.win32_1.4.0.202007081208/tools/bin/../lib/gcc/arm-none-eabi/7.3.1/../../../../arm-none-eabi/lib/thumb/v7e-m/fpv4-sp/hard\libm.a(lib_a-ef_pow.o)
                                          0x1 (size before relaxing)
 .rodata.bp     0x000000000800ea08        0x8 c:/st/stm32cubeide_1.4.0/stm32cubeide/plugins/com.st.stm32cube.ide.mcu.externaltools.gnu-tools-for-stm32.7-2018-q2-update.win32_1.4.0.202007081208/tools/bin/../lib/gcc/arm-none-eabi/7.3.1/../../../../arm-none-eabi/lib/thumb/v7e-m/fpv4-sp/hard\libm.a(lib_a-ef_pow.o)
 .rodata.dp_h   0x000000000800ea10        0x8 c:/st/stm32cubeide_1.4.0/stm32cubeide/plugins/com.st.stm32cube.ide.mcu.externaltools.gnu-tools-for-stm32.7-2018-q2-update.win32_1.4.0.202007081208/tools/bin/../lib/gcc/arm-none-eabi/7.3.1/../../../../arm-none-eabi/lib/thumb/v7e-m/fpv4-sp/hard\libm.a(lib_a-ef_pow.o)
 .rodata.dp_l   0x000000000800ea18        0x8 c:/st/stm32cubeide_1.4.0/stm32cubeide/plugins/com.st.stm32cube.ide.mcu.externaltools.gnu-tools-for-stm32.7-2018-q2-update.win32_1.4.0.202007081208/tools/bin/../lib/gcc/arm-none-eabi/7.3.1/../../../../arm-none-eabi/lib/thumb/v7e-m/fpv4-sp/hard\libm.a(lib_a-ef_pow.o)
 .rodata.TWO23  0x000000000800ea20        0x8 c:/st/stm32cubeide_1.4.0/stm32cubeide/plugins/com.st.stm32cube.ide.mcu.externaltools.gnu-tools-for-stm32.7-2018-q2-update.win32_1.4.0.202007081208/tools/bin/../lib/gcc/arm-none-eabi/7.3.1/../../../../arm-none-eabi/lib/thumb/v7e-m/fpv4-sp/hard\libm.a(lib_a-sf_rint.o)
                0x000000000800ea28                . = ALIGN (0x4)

.ARM.extab      0x000000000800ea28        0x0
                0x000000000800ea28                . = ALIGN (0x4)
 *(.ARM.extab* .gnu.linkonce.armextab.*)
                0x000000000800ea28                . = ALIGN (0x4)

.ARM            0x000000000800ea28        0x8
                0x000000000800ea28                . = ALIGN (0x4)
                0x000000000800ea28                __exidx_start = .
 *(.ARM.exidx*)
 .ARM.exidx     0x000000000800ea28        0x8 c:/st/stm32cubeide_1.4.0/stm32cubeide/plugins/com.st.stm32cube.ide.mcu.externaltools.gnu-tools-for-stm32.7-2018-q2-update.win32_1.4.0.202007081208/tools/bin/../lib/gcc/arm-none-eabi/7.3.1/thumb/v7e-m/fpv4-sp/hard\libgcc.a(_udivmoddi4.o)
                0x000000000800ea30                __exidx_end = .
                0x000000000800ea30                . = ALIGN (0x4)

.rel.dyn        0x000000000800ea30        0x0
 .rel.iplt      0x000000000800ea30        0x0 c:/st/stm32cubeide_1.4.0/stm32cubeide/plugins/com.st.stm32cube.ide.mcu.externaltools.gnu-tools-for-stm32.7-2018-q2-update.win32_1.4.0.202007081208/tools/bin/../lib/gcc/arm-none-eabi/7.3.1/thumb/v7e-m/fpv4-sp/hard/crtbegin.o

.preinit_array  0x000000000800ea30        0x0
                0x000000000800ea30                . = ALIGN (0x4)
                0x000000000800ea30                PROVIDE (__preinit_array_start = .)
 *(.preinit_array*)
                0x000000000800ea30                PROVIDE (__preinit_array_end = .)
                0x000000000800ea30                . = ALIGN (0x4)

.init_array     0x000000000800ea30        0x4
                0x000000000800ea30                . = ALIGN (0x4)
                0x000000000800ea30                PROVIDE (__init_array_start = .)
 *(SORT_BY_NAME(.init_array.*))
 *(.init_array*)
 .init_array    0x000000000800ea30        0x4 c:/st/stm32cubeide_1.4.0/stm32cubeide/plugins/com.st.stm32cube.ide.mcu.externaltools.gnu-tools-for-stm32.7-2018-q2-update.win32_1.4.0.202007081208/tools/bin/../lib/gcc/arm-none-eabi/7.3.1/thumb/v7e-m/fpv4-sp/hard/crtbegin.o
                0x000000000800ea34                PROVIDE (__init_array_end = .)
                0x000000000800ea34                . = ALIGN (0x4)

.fini_array     0x000000000800ea34        0x4
                0x000000000800ea34                . = ALIGN (0x4)
                [!provide]                        PROVIDE (__fini_array_start = .)
 *(SORT_BY_NAME(.fini_array.*))
 *(.fini_array*)
 .fini_array    0x000000000800ea34        0x4 c:/st/stm32cubeide_1.4.0/stm32cubeide/plugins/com.st.stm32cube.ide.mcu.externaltools.gnu-tools-for-stm32.7-2018-q2-update.win32_1.4.0.202007081208/tools/bin/../lib/gcc/arm-none-eabi/7.3.1/thumb/v7e-m/fpv4-sp/hard/crtbegin.o
                [!provide]                        PROVIDE (__fini_array_end = .)
                0x000000000800ea38                . = ALIGN (0x4)
                0x000000000800ea38                _sidata = LOADADDR (.data)

.data           0x0000000020000000      0x20c load address 0x000000000800ea38
                0x0000000020000000                . = ALIGN (0x4)
                0x0000000020000000                _sdata = .
 *(.data)
 *(.data*)
 .data.Stat     0x0000000020000000        0x1 Core/Src/fatfs_sd.o
 *fill*         0x0000000020000001        0x3 
 .data.imageSubDataBitsLeft
                0x0000000020000004        0x4 Core/Src/main.o
                0x0000000020000004                imageSubDataBitsLeft
 .data.readBuffer
                0x0000000020000008        0x4 Core/Src/main.o
                0x0000000020000008                readBuffer
 .data.writeBuffer
                0x000000002000000c        0x4 Core/Src/main.o
                0x000000002000000c                writeBuffer
 .data.SystemCoreClock
                0x0000000020000010        0x4 Core/Src/system_stm32f4xx.o
                0x0000000020000010                SystemCoreClock
 .data.uwTickPrio
                0x0000000020000014        0x4 Drivers/STM32F4xx_HAL_Driver/Src/stm32f4xx_hal.o
                0x0000000020000014                uwTickPrio
 .data.uwTickFreq
                0x0000000020000018        0x1 Drivers/STM32F4xx_HAL_Driver/Src/stm32f4xx_hal.o
                0x0000000020000018                uwTickFreq
 *fill*         0x0000000020000019        0x3 
 .data.USER_Driver
                0x000000002000001c       0x14 FATFS/Target/user_diskio.o
                0x000000002000001c                USER_Driver
 .data.USBD_CDC_DeviceQualifierDesc
                0x0000000020000030        0xa Middlewares/ST/STM32_USB_Device_Library/Class/CDC/Src/usbd_cdc.o
 *fill*         0x000000002000003a        0x2 
 .data.USBD_CDC
                0x000000002000003c       0x38 Middlewares/ST/STM32_USB_Device_Library/Class/CDC/Src/usbd_cdc.o
                0x000000002000003c                USBD_CDC
 .data.USBD_CDC_CfgHSDesc
                0x0000000020000074       0x43 Middlewares/ST/STM32_USB_Device_Library/Class/CDC/Src/usbd_cdc.o
 *fill*         0x00000000200000b7        0x1 
 .data.USBD_CDC_CfgFSDesc
                0x00000000200000b8       0x43 Middlewares/ST/STM32_USB_Device_Library/Class/CDC/Src/usbd_cdc.o
 *fill*         0x00000000200000fb        0x1 
 .data.USBD_CDC_OtherSpeedCfgDesc
                0x00000000200000fc       0x43 Middlewares/ST/STM32_USB_Device_Library/Class/CDC/Src/usbd_cdc.o
 *fill*         0x000000002000013f        0x1 
 .data.USBD_Interface_fops_FS
                0x0000000020000140       0x14 USB_DEVICE/App/usbd_cdc_if.o
                0x0000000020000140                USBD_Interface_fops_FS
 .data.FS_Desc  0x0000000020000154       0x1c USB_DEVICE/App/usbd_desc.o
                0x0000000020000154                FS_Desc
 .data.USBD_FS_DeviceDesc
                0x0000000020000170       0x12 USB_DEVICE/App/usbd_desc.o
                0x0000000020000170                USBD_FS_DeviceDesc
 *fill*         0x0000000020000182        0x2 
 .data.USBD_LangIDDesc
                0x0000000020000184        0x4 USB_DEVICE/App/usbd_desc.o
                0x0000000020000184                USBD_LangIDDesc
 .data.USBD_StringSerial
                0x0000000020000188       0x1a USB_DEVICE/App/usbd_desc.o
                0x0000000020000188                USBD_StringSerial
 *fill*         0x00000000200001a2        0x2 
 .data._impure_ptr
                0x00000000200001a4        0x4 c:/st/stm32cubeide_1.4.0/stm32cubeide/plugins/com.st.stm32cube.ide.mcu.externaltools.gnu-tools-for-stm32.7-2018-q2-update.win32_1.4.0.202007081208/tools/bin/../lib/gcc/arm-none-eabi/7.3.1/../../../../arm-none-eabi/lib/thumb/v7e-m/fpv4-sp/hard\libc_nano.a(lib_a-impure.o)
                0x00000000200001a4                _impure_ptr
 .data.impure_data
                0x00000000200001a8       0x60 c:/st/stm32cubeide_1.4.0/stm32cubeide/plugins/com.st.stm32cube.ide.mcu.externaltools.gnu-tools-for-stm32.7-2018-q2-update.win32_1.4.0.202007081208/tools/bin/../lib/gcc/arm-none-eabi/7.3.1/../../../../arm-none-eabi/lib/thumb/v7e-m/fpv4-sp/hard\libc_nano.a(lib_a-impure.o)
 .data.__fdlib_version
                0x0000000020000208        0x1 c:/st/stm32cubeide_1.4.0/stm32cubeide/plugins/com.st.stm32cube.ide.mcu.externaltools.gnu-tools-for-stm32.7-2018-q2-update.win32_1.4.0.202007081208/tools/bin/../lib/gcc/arm-none-eabi/7.3.1/../../../../arm-none-eabi/lib/thumb/v7e-m/fpv4-sp/hard\libm.a(lib_a-s_lib_ver.o)
                0x0000000020000208                __fdlib_version
                0x000000002000020c                . = ALIGN (0x4)
 *fill*         0x0000000020000209        0x3 
                0x000000002000020c                _edata = .

.igot.plt       0x000000002000020c        0x0 load address 0x000000000800ec44
 .igot.plt      0x000000002000020c        0x0 c:/st/stm32cubeide_1.4.0/stm32cubeide/plugins/com.st.stm32cube.ide.mcu.externaltools.gnu-tools-for-stm32.7-2018-q2-update.win32_1.4.0.202007081208/tools/bin/../lib/gcc/arm-none-eabi/7.3.1/thumb/v7e-m/fpv4-sp/hard/crtbegin.o
                0x000000002000020c                . = ALIGN (0x4)

.bss            0x000000002000020c    0x1f6c0 load address 0x000000000800ec44
                0x000000002000020c                _sbss = .
                0x000000002000020c                __bss_start__ = _sbss
 *(.bss)
 .bss           0x000000002000020c       0x1c c:/st/stm32cubeide_1.4.0/stm32cubeide/plugins/com.st.stm32cube.ide.mcu.externaltools.gnu-tools-for-stm32.7-2018-q2-update.win32_1.4.0.202007081208/tools/bin/../lib/gcc/arm-none-eabi/7.3.1/thumb/v7e-m/fpv4-sp/hard/crtbegin.o
 *(.bss*)
 .bss.CardType  0x0000000020000228        0x1 Core/Src/fatfs_sd.o
 .bss.PowerFlag
                0x0000000020000229        0x1 Core/Src/fatfs_sd.o
 *fill*         0x000000002000022a        0x2 
 .bss.strBuffer
                0x000000002000022c      0x200 Core/Src/main.o
 .bss.frameIdx  0x000000002000042c        0x4 Core/Src/main.o
                0x000000002000042c                frameIdx
 .bss.dictSize  0x0000000020000430        0x4 Core/Src/main.o
                0x0000000020000430                dictSize
 .bss.imageSubDataSize
                0x0000000020000434        0x1 Core/Src/main.o
                0x0000000020000434                imageSubDataSize
 *fill*         0x0000000020000435        0x3 
 .bss.imageSubDataIdx
                0x0000000020000438        0x4 Core/Src/main.o
                0x0000000020000438                imageSubDataIdx
 .bss.pass      0x000000002000043c        0x1 Core/Src/main.o
                0x000000002000043c                pass
 .bss.y         0x000000002000043d        0x1 Core/Src/main.o
                0x000000002000043d                y
 .bss.FatFsCnt  0x000000002000043e        0x1 Core/Src/stm32f4xx_it.o
                0x000000002000043e                FatFsCnt
 *fill*         0x000000002000043f        0x1 
 .bss.__sbrk_heap_end
                0x0000000020000440        0x4 Core/Src/sysmem.o
 .bss.cfgidx.10200
                0x0000000020000444        0x1 Middlewares/ST/STM32_USB_Device_Library/Core/Src/usbd_ctlreq.o
 *fill*         0x0000000020000445        0x3 
 .bss.FatFs     0x0000000020000448        0x4 Middlewares/Third_Party/FatFs/src/ff.o
 .bss.Fsid      0x000000002000044c        0x2 Middlewares/Third_Party/FatFs/src/ff.o
 *fill*         0x000000002000044e        0x2 
 .bss.Files     0x0000000020000450       0x20 Middlewares/Third_Party/FatFs/src/ff.o
 .bss.LfnBuf    0x0000000020000470      0x200 Middlewares/Third_Party/FatFs/src/ff.o
 .bss.disk      0x0000000020000670        0xc Middlewares/Third_Party/FatFs/src/ff_gen_drv.o
                0x0000000020000670                disk
 .bss.__malloc_free_list
                0x000000002000067c        0x4 c:/st/stm32cubeide_1.4.0/stm32cubeide/plugins/com.st.stm32cube.ide.mcu.externaltools.gnu-tools-for-stm32.7-2018-q2-update.win32_1.4.0.202007081208/tools/bin/../lib/gcc/arm-none-eabi/7.3.1/../../../../arm-none-eabi/lib/thumb/v7e-m/fpv4-sp/hard\libc_nano.a(lib_a-nano-mallocr.o)
                0x000000002000067c                __malloc_free_list
 .bss.__malloc_sbrk_start