main.c:64:6:SendUART	16	static
main.c:75:6:ScanDirectory	360	static
main.c:159:6:ClearDict	24	static
main.c:181:5:LoadImageSubData	16	static
main.c:200:10:GetNextCode	24	static
main.c:226:6:Decode	56	static
main.c:292:9:sRGB2RGB	16	static
main.c:296:6:ReadGifPalette	32	static
main.c:309:6:ReadGifImage	56	static
main.c:387:6:ReadGif	48	static
main.c:437:6:SwapBuffer	4	static
main.c:442:6:InitDMDBuffer	24	static
main.c:457:6:FillDMDBuffer	32	static
main.c:480:6:SendFrame	24	static
main.c:537:6:data_tramsmitted_handler	16	static
main.c:543:6:transmit_error_handler	16	static
main.c:556:5:main	8	static
main.c:639:6:SystemClock_Config	88	static
main.c:679:6:HAL_TIM_PeriodElapsedCallback	16	static
main.c:690:6:Error_Handler	4	static
