stm32f4xx_it.c:48:6:SDTimer_Handler	4	static
stm32f4xx_it.c:85:6:NMI_Handler	4	static
stm32f4xx_it.c:98:6:HardFault_Handler	4	static
stm32f4xx_it.c:113:6:MemManage_Handler	4	static
stm32f4xx_it.c:128:6:BusFault_Handler	4	static
stm32f4xx_it.c:143:6:UsageFault_Handler	4	static
stm32f4xx_it.c:158:6:SVC_Handler	4	static
stm32f4xx_it.c:171:6:DebugMon_Handler	4	static
stm32f4xx_it.c:184:6:PendSV_Handler	4	static
stm32f4xx_it.c:197:6:SysTick_Handler	8	static
stm32f4xx_it.c:223:6:TIM4_IRQHandler	8	static
stm32f4xx_it.c:239:6:OTG_FS_IRQHandler	8	static
stm32f4xx_it.c:253:6:DMA2_Stream5_IRQHandler	8	static
